 TestFrame

 Timestamp is 4a446be5 (Fri Jun 26 08:34:13 2009)

 Preferred load address is 00400000

 Start         Length     Name                   Class
 0001:00000000 0004489aH .text                   CODE
 0001:000448a0 00003487H .text$x                 CODE
 0001:00047d27 00000044H .text$yc                CODE
 0001:00047d6b 00000064H .text$yd                CODE
 0002:00000000 0000019cH .idata$5                DATA
 0002:0000019c 00000004H .CRT$XCA                DATA
 0002:000001a0 0000000cH .CRT$XCC                DATA
 0002:000001ac 00000004H .CRT$XCU                DATA
 0002:000001b0 00000004H .CRT$XCZ                DATA
 0002:000001b4 00000004H .CRT$XIA                DATA
 0002:000001b8 00000014H .CRT$XIC                DATA
 0002:000001cc 00000004H .CRT$XID                DATA
 0002:000001d0 00000004H .CRT$XIY                DATA
 0002:000001d4 00000004H .CRT$XIZ                DATA
 0002:000001d8 00000004H .CRT$XPA                DATA
 0002:000001dc 00000004H .CRT$XPX                DATA
 0002:000001e0 00000004H .CRT$XPXA               DATA
 0002:000001e4 00000004H .CRT$XPZ                DATA
 0002:000001e8 00000004H .CRT$XTA                DATA
 0002:000001ec 00000004H .CRT$XTB                DATA
 0002:000001f0 00000004H .CRT$XTZ                DATA
 0002:00000200 00003448H .rdata                  DATA
 0002:00003648 00000055H .rdata$debug            DATA
 0002:000036a0 00001404H .rdata$r                DATA
 0002:00004ab0 00000448H .rdata$sxdata           DATA
 0002:00004ef8 00000004H .rtc$IAA                DATA
 0002:00004efc 00000004H .rtc$IZZ                DATA
 0002:00004f00 00000004H .rtc$TAA                DATA
 0002:00004f04 00000004H .rtc$TZZ                DATA
 0002:00004f08 0000465cH .xdata$x                DATA
 0002:00009564 00000050H .idata$2                DATA
 0002:000095b4 00000014H .idata$3                DATA
 0002:000095c8 0000019cH .idata$4                DATA
 0002:00009764 000006b8H .idata$6                DATA
 0002:00009e1c 00000000H .edata                  DATA
 0003:00000000 00002210H .data                   DATA
 0003:00002220 00001ff0H .bss                    DATA
 0004:00000000 00000058H .rsrc$01                DATA
 0004:00000060 000003c8H .rsrc$02                DATA

  Address         Publics by Value              Rva+Base       Lib:Object

 0000:00000000       __except_list              00000000     <absolute>
 0000:00000112       ___safe_se_handler_count   00000112     <absolute>
 0000:00000000       ___ImageBase               00400000     <linker-defined>
 0001:00000000       ??0bad_alloc@std@@QAE@PBD@Z 00401000 f i IniFile.obj
 0001:00000020       ??1bad_alloc@std@@UAE@XZ   00401020 f i IniFile.obj
 0001:00000030       ??_Ebad_alloc@std@@UAEPAXI@Z 00401030 f i IniFile.obj
 0001:00000030       ??_Gbad_alloc@std@@UAEPAXI@Z 00401030 f i IniFile.obj
 0001:00000060       ??2@YAPAXIPAX@Z            00401060 f i IniFile.obj
 0001:00000070       ??3@YAXPAX0@Z              00401070 f i IniFile.obj
 0001:00000080       ?assign@?$char_traits@D@std@@SAXAADABD@Z 00401080 f i IniFile.obj
 0001:00000090       ?compare@?$char_traits@D@std@@SAHPBD0I@Z 00401090 f i IniFile.obj
 0001:00000120       ?length@?$char_traits@D@std@@SAIPBD@Z 00401120 f i IniFile.obj
 0001:00000140       ?_Copy_s@?$char_traits@D@std@@SAPADPADIPBDI@Z 00401140 f i IniFile.obj
 0001:00000170       ?find@?$char_traits@D@std@@SAPBDPBDIABD@Z 00401170 f i IniFile.obj
 0001:00000190       ?_Move_s@?$char_traits@D@std@@SAPADPADIPBDI@Z 00401190 f i IniFile.obj
 0001:000001c0       ?assign@?$char_traits@D@std@@SAPADPADID@Z 004011c0 f i IniFile.obj
 0001:000001e0       ?to_char_type@?$char_traits@D@std@@SADABH@Z 004011e0 f i IniFile.obj
 0001:000001f0       ?to_int_type@?$char_traits@D@std@@SAHABD@Z 004011f0 f i IniFile.obj
 0001:00000200       ?eq_int_type@?$char_traits@D@std@@SA_NABH0@Z 00401200 f i IniFile.obj
 0001:00000220       ?eof@?$char_traits@D@std@@SAHXZ 00401220 f i IniFile.obj
 0001:00000230       ??0_Iterator_base@std@@QAE@XZ 00401230 f i IniFile.obj
 0001:00000240       ?_Getctype@_Locinfo@std@@QBE?AU_Ctypevec@@XZ 00401240 f i IniFile.obj
 0001:00000270       ??0id@locale@std@@QAE@I@Z  00401270 f i IniFile.obj
 0001:00000280       ??Bid@locale@std@@QAEIXZ   00401280 f i IniFile.obj
 0001:000002c0       ?_Incref@facet@locale@std@@QAEXXZ 004012c0 f i IniFile.obj
 0001:000002f0       ?_Decref@facet@locale@std@@QAEPAV123@XZ 004012f0 f i IniFile.obj
 0001:00000330       ?_Register@facet@locale@std@@QAEXXZ 00401330 f i IniFile.obj
 0001:00000340       ??1facet@locale@std@@UAE@XZ 00401340 f i IniFile.obj
 0001:00000350       ??0facet@locale@std@@IAE@I@Z 00401350 f i IniFile.obj
 0001:00000370       ??0locale@std@@QAE@XZ      00401370 f i IniFile.obj
 0001:000003b0       ??0locale@std@@QAE@ABV01@@Z 004013b0 f i IniFile.obj
 0001:000003f0       ??1locale@std@@QAE@XZ      004013f0 f i IniFile.obj
 0001:00000440       ?_Getfacet@locale@std@@QBEPBVfacet@12@I@Z 00401440 f i IniFile.obj
 0001:00000480       ??_Gfacet@locale@std@@UAEPAXI@Z 00401480 f i IniFile.obj
 0001:00000480       ??_Efacet@locale@std@@UAEPAXI@Z 00401480 f i IniFile.obj
 0001:000004a0       ??0codecvt_base@std@@QAE@I@Z 004014a0 f i IniFile.obj
 0001:000004c0       ?always_noconv@codecvt_base@std@@QBE_NXZ 004014c0 f i IniFile.obj
 0001:000004d0       ??1codecvt_base@std@@UAE@XZ 004014d0 f i IniFile.obj
 0001:000004e0       ?do_always_noconv@codecvt_base@std@@MBE_NXZ 004014e0 f i IniFile.obj
 0001:000004f0       ?do_max_length@codecvt_base@std@@MBEHXZ 004014f0 f i IniFile.obj
 0001:00000500       ?do_encoding@codecvt_base@std@@MBEHXZ 00401500 f i IniFile.obj
 0001:00000510       ??_Gcodecvt_base@std@@UAEPAXI@Z 00401510 f i IniFile.obj
 0001:00000510       ??_Ecodecvt_base@std@@UAEPAXI@Z 00401510 f i IniFile.obj
 0001:00000530       ??0ctype_base@std@@QAE@I@Z 00401530 f i IniFile.obj
 0001:00000550       ??1ctype_base@std@@UAE@XZ  00401550 f i IniFile.obj
 0001:00000560       ??_Ectype_base@std@@UAEPAXI@Z 00401560 f i IniFile.obj
 0001:00000560       ??_Gctype_base@std@@UAEPAXI@Z 00401560 f i IniFile.obj
 0001:00000580       ?is@?$ctype@D@std@@QBE_NFD@Z 00401580 f i IniFile.obj
 0001:000005a0       ?toupper@?$ctype@D@std@@QBEDD@Z 004015a0 f i IniFile.obj
 0001:000005b0       ?widen@?$ctype@D@std@@QBEDD@Z 004015b0 f i IniFile.obj
 0001:000005c0       ?_Init@?$ctype@D@std@@IAEXABV_Locinfo@2@@Z 004015c0 f i IniFile.obj
 0001:00000600       ?_Tidy@?$ctype@D@std@@IAEXXZ 00401600 f i IniFile.obj
 0001:00000630       ?rdstate@ios_base@std@@QBEHXZ 00401630 f i IniFile.obj
 0001:00000640       ?good@ios_base@std@@QBE_NXZ 00401640 f i IniFile.obj
 0001:00000650       ?fail@ios_base@std@@QBE_NXZ 00401650 f i IniFile.obj
 0001:00000660       ?flags@ios_base@std@@QBEHXZ 00401660 f i IniFile.obj
 0001:00000670       ?getloc@ios_base@std@@QBE?AVlocale@2@XZ 00401670 f i IniFile.obj
 0001:000006b0       ??1ios_base@std@@UAE@XZ    004016b0 f i IniFile.obj
 0001:000006c0       ??0ios_base@std@@IAE@XZ    004016c0 f i IniFile.obj
 0001:000006d0       ??_Eios_base@std@@UAEPAXI@Z 004016d0 f i IniFile.obj
 0001:000006d0       ??_Gios_base@std@@UAEPAXI@Z 004016d0 f i IniFile.obj
 0001:00000700       ?length@?$basic_string@DU?$char_traits@D@std@@V?$allocator@D@2@@std@@QBEIXZ 00401700 f i IniFile.obj
 0001:00000710       ?size@?$basic_string@DU?$char_traits@D@std@@V?$allocator@D@2@@std@@QBEIXZ 00401710 f i IniFile.obj
 0001:00000720       ?empty@?$basic_string@DU?$char_traits@D@std@@V?$allocator@D@2@@std@@QBE_NXZ 00401720 f i IniFile.obj
 0001:00000730       ??1?$basic_ios@DU?$char_traits@D@std@@@std@@UAE@XZ 00401730 f i IniFile.obj
 0001:00000740       ?rdbuf@?$basic_ios@DU?$char_traits@D@std@@@std@@QBEPAV?$basic_streambuf@DU?$char_traits@D@std@@@2@XZ 00401740 f i IniFile.obj
 0001:00000750       ??1?$basic_istream@DU?$char_traits@D@std@@@std@@UAE@XZ 00401750 f i IniFile.obj
 0001:00000760       ??Bsentry@?$basic_istream@DU?$char_traits@D@std@@@std@@QBE_NXZ 00401760 f i IniFile.obj
 0001:00000770       ??8const_iterator@?$_Tree@V?$_Tmap_traits@U?$pair@V?$basic_string@DU?$char_traits@D@std@@V?$allocator@D@2@@std@@V12@@std@@V?$basic_string@DU?$char_traits@D@std@@V?$allocator@D@2@@2@U?$less@U?$pair@V?$basic_string@DU?$char_traits@D@std@@V?$allocator@D@2@@std@@V12@@std@@@2@V?$allocator@U?$pair@$$CBU?$pair@V?$basic_string@DU?$char_traits@D@std@@V?$allocator@D@2@@std@@V12@@std@@V?$basic_string@DU?$char_traits@D@std@@V?$allocator@D@2@@2@@std@@@2@$0A@@std@@@std@@QBE_NABV012@@Z 00401770 f i IniFile.obj
 0001:000007a0       ??9const_iterator@?$_Tree@V?$_Tmap_traits@U?$pair@V?$basic_string@DU?$char_traits@D@std@@V?$allocator@D@2@@std@@V12@@std@@V?$basic_string@DU?$char_traits@D@std@@V?$allocator@D@2@@2@U?$less@U?$pair@V?$basic_string@DU?$char_traits@D@std@@V?$allocator@D@2@@std@@V12@@std@@@2@V?$allocator@U?$pair@$$CBU?$pair@V?$basic_string@DU?$char_traits@D@std@@V?$allocator@D@2@@std@@V12@@std@@V?$basic_string@DU?$char_traits@D@std@@V?$allocator@D@2@@2@@std@@@2@$0A@@std@@@std@@QBE_NABV012@@Z 004017a0 f i IniFile.obj
 0001:000007d0       ??_Glocale@std@@QAEPAXI@Z  004017d0 f i IniFile.obj
 0001:00000840       ??_D?$basic_istream@DU?$char_traits@D@std@@@std@@QAEXXZ 00401840 f i IniFile.obj
 0001:00000860       ?_Myptr@?$basic_string@DU?$char_traits@D@std@@V?$allocator@D@2@@std@@IAEPADXZ 00401860 f i IniFile.obj
 0001:00000870       ?_Myptr@?$basic_string@DU?$char_traits@D@std@@V?$allocator@D@2@@std@@IBEPBDXZ 00401870 f i IniFile.obj
 0001:00000880       ??0?$allocator@D@std@@QAE@XZ 00401880 f i IniFile.obj
 0001:00000890       ??0?$allocator@D@std@@QAE@ABV01@@Z 00401890 f i IniFile.obj
 0001:000008a0       ??0?$basic_ios@DU?$char_traits@D@std@@@std@@IAE@XZ 004018a0 f i IniFile.obj
 0001:000008b0       ??_G?$basic_ios@DU?$char_traits@D@std@@@std@@UAEPAXI@Z 004018b0 f i IniFile.obj
 0001:000008b0       ??_E?$basic_ios@DU?$char_traits@D@std@@@std@@UAEPAXI@Z 004018b0 f i IniFile.obj
 0001:000008e0       ?pubsync@?$basic_streambuf@DU?$char_traits@D@std@@@std@@QAEHXZ 004018e0 f i IniFile.obj
 0001:000008f0       ?_Unlock@?$basic_streambuf@DU?$char_traits@D@std@@@std@@QAEXXZ 004018f0 f i IniFile.obj
 0001:00000900       ?gptr@?$basic_streambuf@DU?$char_traits@D@std@@@std@@IBEPADXZ 00401900 f i IniFile.obj
 0001:00000910       ?setg@?$basic_streambuf@DU?$char_traits@D@std@@@std@@IAEXPAD00@Z 00401910 f i IniFile.obj
 0001:00000930       ?_Gninc@?$basic_streambuf@DU?$char_traits@D@std@@@std@@IAEPADXZ 00401930 f i IniFile.obj
 0001:00000950       ?_Gnpreinc@?$basic_streambuf@DU?$char_traits@D@std@@@std@@IAEPADXZ 00401950 f i IniFile.obj
 0001:00000970       ?_Gnavail@?$basic_streambuf@DU?$char_traits@D@std@@@std@@IBEHXZ 00401970 f i IniFile.obj
 0001:00000990       ?is_open@?$basic_filebuf@DU?$char_traits@D@std@@@std@@QBE_NXZ 00401990 f i IniFile.obj
 0001:000009a0       ?_Isnil@?$_Tree@V?$_Tmap_traits@U?$pair@V?$basic_string@DU?$char_traits@D@std@@V?$allocator@D@2@@std@@V12@@std@@V?$basic_string@DU?$char_traits@D@std@@V?$allocator@D@2@@2@U?$less@U?$pair@V?$basic_string@DU?$char_traits@D@std@@V?$allocator@D@2@@std@@V12@@std@@@2@V?$allocator@U?$pair@$$CBU?$pair@V?$basic_string@DU?$char_traits@D@std@@V?$allocator@D@2@@std@@V12@@std@@V?$basic_string@DU?$char_traits@D@std@@V?$allocator@D@2@@2@@std@@@2@$0A@@std@@@std@@KAAADPAU_Node@?$_Tree_nod@V?$_Tmap_traits@U?$pair@V?$basic_string@DU?$char_traits@D@std@@V?$allocator@D@2@@std@@V12@@std@@V?$basic_string@DU?$char_traits@D@std@@V?$allocator@D@2@@2@U?$less@U?$pair@V?$basic_string@DU?$char_traits@D@std@@V?$allocator@D@2@@std@@V12@@std@@@2@V?$allocator@U?$pair@$$CBU?$pair@V?$basic_string@DU?$char_traits@D@std@@V?$allocator@D@2@@std@@V12@@std@@V?$basic_string@DU?$char_traits@D@std@@V?$allocator@D@2@@2@@std@@@2@$0A@@std@@@2@@Z 004019a0 f i IniFile.obj
 0001:000009b0       ?_Left@?$_Tree@V?$_Tmap_traits@U?$pair@V?$basic_string@DU?$char_traits@D@std@@V?$allocator@D@2@@std@@V12@@std@@V?$basic_string@DU?$char_traits@D@std@@V?$allocator@D@2@@2@U?$less@U?$pair@V?$basic_string@DU?$char_traits@D@std@@V?$allocator@D@2@@std@@V12@@std@@@2@V?$allocator@U?$pair@$$CBU?$pair@V?$basic_string@DU?$char_traits@D@std@@V?$allocator@D@2@@std@@V12@@std@@V?$basic_string@DU?$char_traits@D@std@@V?$allocator@D@2@@2@@std@@@2@$0A@@std@@@std@@KAAAPAU_Node@?$_Tree_nod@V?$_Tmap_traits@U?$pair@V?$basic_string@DU?$char_traits@D@std@@V?$allocator@D@2@@std@@V12@@std@@V?$basic_string@DU?$char_traits@D@std@@V?$allocator@D@2@@2@U?$less@U?$pair@V?$basic_string@DU?$char_traits@D@std@@V?$allocator@D@2@@std@@V12@@std@@@2@V?$allocator@U?$pair@$$CBU?$pair@V?$basic_string@DU?$char_traits@D@std@@V?$allocator@D@2@@std@@V12@@std@@V?$basic_string@DU?$char_traits@D@std@@V?$allocator@D@2@@2@@std@@@2@$0A@@std@@@2@PAU342@@Z 004019b0 f i IniFile.obj
 0001:000009c0       ?_Right@?$_Tree@V?$_Tmap_traits@U?$pair@V?$basic_string@DU?$char_traits@D@std@@V?$allocator@D@2@@std@@V12@@std@@V?$basic_string@DU?$char_traits@D@std@@V?$allocator@D@2@@2@U?$less@U?$pair@V?$basic_string@DU?$char_traits@D@std@@V?$allocator@D@2@@std@@V12@@std@@@2@V?$allocator@U?$pair@$$CBU?$pair@V?$basic_string@DU?$char_traits@D@std@@V?$allocator@D@2@@std@@V12@@std@@V?$basic_string@DU?$char_traits@D@std@@V?$allocator@D@2@@2@@std@@@2@$0A@@std@@@std@@KAAAPAU_Node@?$_Tree_nod@V?$_Tmap_traits@U?$pair@V?$basic_string@DU?$char_traits@D@std@@V?$allocator@D@2@@std@@V12@@std@@V?$basic_string@DU?$char_traits@D@std@@V?$allocator@D@2@@2@U?$less@U?$pair@V?$basic_string@DU?$char_traits@D@std@@V?$allocator@D@2@@std@@V12@@std@@@2@V?$allocator@U?$pair@$$CBU?$pair@V?$basic_string@DU?$char_traits@D@std@@V?$allocator@D@2@@std@@V12@@std@@V?$basic_string@DU?$char_traits@D@std@@V?$allocator@D@2@@2@@std@@@2@$0A@@std@@@2@PAU342@@Z 004019c0 f i IniFile.obj
 0001:000009d0       ?_Kfn@?$_Tmap_traits@U?$pair@V?$basic_string@DU?$char_traits@D@std@@V?$allocator@D@2@@std@@V12@@std@@V?$basic_string@DU?$char_traits@D@std@@V?$allocator@D@2@@2@U?$less@U?$pair@V?$basic_string@DU?$char_traits@D@std@@V?$allocator@D@2@@std@@V12@@std@@@2@V?$allocator@U?$pair@$$CBU?$pair@V?$basic_string@DU?$char_traits@D@std@@V?$allocator@D@2@@std@@V12@@std@@V?$basic_string@DU?$char_traits@D@std@@V?$allocator@D@2@@2@@std@@@2@$0A@@std@@SAABU?$pair@V?$basic_string@DU?$char_traits@D@std@@V?$allocator@D@2@@std@@V12@@2@ABU?$pair@$$CBU?$pair@V?$basic_string@DU?$char_traits@D@std@@V?$allocator@D@2@@std@@V12@@std@@V?$basic_string@DU?$char_traits@D@std@@V?$allocator@D@2@@2@@2@@Z 004019d0 f i IniFile.obj
 0001:000009e0       ??0?$allocator@U?$pair@$$CBU?$pair@V?$basic_string@DU?$char_traits@D@std@@V?$allocator@D@2@@std@@V12@@std@@V?$basic_string@DU?$char_traits@D@std@@V?$allocator@D@2@@2@@std@@@std@@QAE@XZ 004019e0 f i IniFile.obj
 0001:000009f0       ?_Mynode@const_iterator@?$_Tree@V?$_Tmap_traits@U?$pair@V?$basic_string@DU?$char_traits@D@std@@V?$allocator@D@2@@std@@V12@@std@@V?$basic_string@DU?$char_traits@D@std@@V?$allocator@D@2@@2@U?$less@U?$pair@V?$basic_string@DU?$char_traits@D@std@@V?$allocator@D@2@@std@@V12@@std@@@2@V?$allocator@U?$pair@$$CBU?$pair@V?$basic_string@DU?$char_traits@D@std@@V?$allocator@D@2@@std@@V12@@std@@V?$basic_string@DU?$char_traits@D@std@@V?$allocator@D@2@@2@@std@@@2@$0A@@std@@@std@@QBEPAU_Node@?$_Tree_nod@V?$_Tmap_traits@U?$pair@V?$basic_string@DU?$char_traits@D@std@@V?$allocator@D@2@@std@@V12@@std@@V?$basic_string@DU?$char_traits@D@std@@V?$allocator@D@2@@2@U?$less@U?$pair@V?$basic_string@DU?$char_traits@D@std@@V?$allocator@D@2@@std@@V12@@std@@@2@V?$allocator@U?$pair@$$CBU?$pair@V?$basic_string@DU?$char_traits@D@std@@V?$allocator@D@2@@std@@V12@@std@@V?$basic_string@DU?$char_traits@D@std@@V?$allocator@D@2@@2@@std@@@2@$0A@@std@@@3@XZ 004019f0 f i IniFile.obj
 0001:00000a00       ??0?$pair@Viterator@?$_Tree@V?$_Tmap_traits@U?$pair@V?$basic_string@DU?$char_traits@D@std@@V?$allocator@D@2@@std@@V12@@std@@V?$basic_string@DU?$char_traits@D@std@@V?$allocator@D@2@@2@U?$less@U?$pair@V?$basic_string@DU?$char_traits@D@std@@V?$allocator@D@2@@std@@V12@@std@@@2@V?$allocator@U?$pair@$$CBU?$pair@V?$basic_string@DU?$char_traits@D@std@@V?$allocator@D@2@@std@@V12@@std@@V?$basic_string@DU?$char_traits@D@std@@V?$allocator@D@2@@2@@std@@@2@$0A@@std@@@std@@_N@std@@QAE@ABViterator@?$_Tree@V?$_Tmap_traits@U?$pair@V?$basic_string@DU?$char_traits@D@std@@V?$allocator@D@2@@std@@V12@@std@@V?$basic_string@DU?$char_traits@D@std@@V?$allocator@D@2@@2@U?$less@U?$pair@V?$basic_string@DU?$char_traits@D@std@@V?$allocator@D@2@@std@@V12@@std@@@2@V?$allocator@U?$pair@$$CBU?$pair@V?$basic_string@DU?$char_traits@D@std@@V?$allocator@D@2@@std@@V12@@std@@V?$basic_string@DU?$char_traits@D@std@@V?$allocator@D@2@@2@@std@@@2@$0A@@std@@@1@AB_N@Z 00401a00 f i IniFile.obj
 0001:00000a20       ?_Chassign@?$basic_string@DU?$char_traits@D@std@@V?$allocator@D@2@@std@@IAEXIID@Z 00401a20 f i IniFile.obj
 0001:00000a80       ?_Eos@?$basic_string@DU?$char_traits@D@std@@V?$allocator@D@2@@std@@IAEXI@Z 00401a80 f i IniFile.obj
 0001:00000aa0       ?deallocate@?$allocator@D@std@@QAEXPADI@Z 00401aa0 f i IniFile.obj
 0001:00000ab0       ?tie@?$basic_ios@DU?$char_traits@D@std@@@std@@QBEPAV?$basic_ostream@DU?$char_traits@D@std@@@2@XZ 00401ab0 f i IniFile.obj
 0001:00000ac0       ?getloc@?$basic_streambuf@DU?$char_traits@D@std@@@std@@QBE?AVlocale@2@XZ 00401ac0 f i IniFile.obj
 0001:00000b00       ?_Lock@?$basic_streambuf@DU?$char_traits@D@std@@@std@@QAEXXZ 00401b00 f i IniFile.obj
 0001:00000b10       ?_Init@?$basic_streambuf@DU?$char_traits@D@std@@@std@@IAEXPAPAD0PAH001@Z 00401b10 f i IniFile.obj
 0001:00000b40       ?_Color@?$_Tree@V?$_Tmap_traits@U?$pair@V?$basic_string@DU?$char_traits@D@std@@V?$allocator@D@2@@std@@V12@@std@@V?$basic_string@DU?$char_traits@D@std@@V?$allocator@D@2@@2@U?$less@U?$pair@V?$basic_string@DU?$char_traits@D@std@@V?$allocator@D@2@@std@@V12@@std@@@2@V?$allocator@U?$pair@$$CBU?$pair@V?$basic_string@DU?$char_traits@D@std@@V?$allocator@D@2@@std@@V12@@std@@V?$basic_string@DU?$char_traits@D@std@@V?$allocator@D@2@@2@@std@@@2@$0A@@std@@@std@@KAAADPAU_Node@?$_Tree_nod@V?$_Tmap_traits@U?$pair@V?$basic_string@DU?$char_traits@D@std@@V?$allocator@D@2@@std@@V12@@std@@V?$basic_string@DU?$char_traits@D@std@@V?$allocator@D@2@@2@U?$less@U?$pair@V?$basic_string@DU?$char_traits@D@std@@V?$allocator@D@2@@std@@V12@@std@@@2@V?$allocator@U?$pair@$$CBU?$pair@V?$basic_string@DU?$char_traits@D@std@@V?$allocator@D@2@@std@@V12@@std@@V?$basic_string@DU?$char_traits@D@std@@V?$allocator@D@2@@2@@std@@@2@$0A@@std@@@2@@Z 00401b40 f i IniFile.obj
 0001:00000b50       ?_Parent@?$_Tree@V?$_Tmap_traits@U?$pair@V?$basic_string@DU?$char_traits@D@std@@V?$allocator@D@2@@std@@V12@@std@@V?$basic_string@DU?$char_traits@D@std@@V?$allocator@D@2@@2@U?$less@U?$pair@V?$basic_string@DU?$char_traits@D@std@@V?$allocator@D@2@@std@@V12@@std@@@2@V?$allocator@U?$pair@$$CBU?$pair@V?$basic_string@DU?$char_traits@D@std@@V?$allocator@D@2@@std@@V12@@std@@V?$basic_string@DU?$char_traits@D@std@@V?$allocator@D@2@@2@@std@@@2@$0A@@std@@@std@@KAAAPAU_Node@?$_Tree_nod@V?$_Tmap_traits@U?$pair@V?$basic_string@DU?$char_traits@D@std@@V?$allocator@D@2@@std@@V12@@std@@V?$basic_string@DU?$char_traits@D@std@@V?$allocator@D@2@@2@U?$less@U?$pair@V?$basic_string@DU?$char_traits@D@std@@V?$allocator@D@2@@std@@V12@@std@@@2@V?$allocator@U?$pair@$$CBU?$pair@V?$basic_string@DU?$char_traits@D@std@@V?$allocator@D@2@@std@@V12@@std@@V?$basic_string@DU?$char_traits@D@std@@V?$allocator@D@2@@2@@std@@@2@$0A@@std@@@2@PAU342@@Z 00401b50 f i IniFile.obj
 0001:00000b60       ?_Myval@?$_Tree@V?$_Tmap_traits@U?$pair@V?$basic_string@DU?$char_traits@D@std@@V?$allocator@D@2@@std@@V12@@std@@V?$basic_string@DU?$char_traits@D@std@@V?$allocator@D@2@@2@U?$less@U?$pair@V?$basic_string@DU?$char_traits@D@std@@V?$allocator@D@2@@std@@V12@@std@@@2@V?$allocator@U?$pair@$$CBU?$pair@V?$basic_string@DU?$char_traits@D@std@@V?$allocator@D@2@@std@@V12@@std@@V?$basic_string@DU?$char_traits@D@std@@V?$allocator@D@2@@2@@std@@@2@$0A@@std@@@std@@KAAAU?$pair@$$CBU?$pair@V?$basic_string@DU?$char_traits@D@std@@V?$allocator@D@2@@std@@V12@@std@@V?$basic_string@DU?$char_traits@D@std@@V?$allocator@D@2@@2@@2@PAU_Node@?$_Tree_nod@V?$_Tmap_traits@U?$pair@V?$basic_string@DU?$char_traits@D@std@@V?$allocator@D@2@@std@@V12@@std@@V?$basic_string@DU?$char_traits@D@std@@V?$allocator@D@2@@2@U?$less@U?$pair@V?$basic_string@DU?$char_traits@D@std@@V?$allocator@D@2@@std@@V12@@std@@@2@V?$allocator@U?$pair@$$CBU?$pair@V?$basic_string@DU?$char_traits@D@std@@V?$allocator@D@2@@std@@V12@@std@@V?$basic_string@DU?$char_traits@D@std@@V?$allocator@D@2@@2@@std@@@2@$0A@@std@@@2@@Z 00401b60 f i IniFile.obj
 0001:00000b70       ?_Lmost@?$_Tree@V?$_Tmap_traits@U?$pair@V?$basic_string@DU?$char_traits@D@std@@V?$allocator@D@2@@std@@V12@@std@@V?$basic_string@DU?$char_traits@D@std@@V?$allocator@D@2@@2@U?$less@U?$pair@V?$basic_string@DU?$char_traits@D@std@@V?$allocator@D@2@@std@@V12@@std@@@2@V?$allocator@U?$pair@$$CBU?$pair@V?$basic_string@DU?$char_traits@D@std@@V?$allocator@D@2@@std@@V12@@std@@V?$basic_string@DU?$char_traits@D@std@@V?$allocator@D@2@@2@@std@@@2@$0A@@std@@@std@@IBEAAPAU_Node@?$_Tree_nod@V?$_Tmap_traits@U?$pair@V?$basic_string@DU?$char_traits@D@std@@V?$allocator@D@2@@std@@V12@@std@@V?$basic_string@DU?$char_traits@D@std@@V?$allocator@D@2@@2@U?$less@U?$pair@V?$basic_string@DU?$char_traits@D@std@@V?$allocator@D@2@@std@@V12@@std@@@2@V?$allocator@U?$pair@$$CBU?$pair@V?$basic_string@DU?$char_traits@D@std@@V?$allocator@D@2@@std@@V12@@std@@V?$basic_string@DU?$char_traits@D@std@@V?$allocator@D@2@@2@@std@@@2@$0A@@std@@@2@XZ 00401b70 f i IniFile.obj
 0001:00000b80       ?_Rmost@?$_Tree@V?$_Tmap_traits@U?$pair@V?$basic_string@DU?$char_traits@D@std@@V?$allocator@D@2@@std@@V12@@std@@V?$basic_string@DU?$char_traits@D@std@@V?$allocator@D@2@@2@U?$less@U?$pair@V?$basic_string@DU?$char_traits@D@std@@V?$allocator@D@2@@std@@V12@@std@@@2@V?$allocator@U?$pair@$$CBU?$pair@V?$basic_string@DU?$char_traits@D@std@@V?$allocator@D@2@@std@@V12@@std@@V?$basic_string@DU?$char_traits@D@std@@V?$allocator@D@2@@2@@std@@@2@$0A@@std@@@std@@IBEAAPAU_Node@?$_Tree_nod@V?$_Tmap_traits@U?$pair@V?$basic_string@DU?$char_traits@D@std@@V?$allocator@D@2@@std@@V12@@std@@V?$basic_string@DU?$char_traits@D@std@@V?$allocator@D@2@@2@U?$less@U?$pair@V?$basic_string@DU?$char_traits@D@std@@V?$allocator@D@2@@std@@V12@@std@@@2@V?$allocator@U?$pair@$$CBU?$pair@V?$basic_string@DU?$char_traits@D@std@@V?$allocator@D@2@@std@@V12@@std@@V?$basic_string@DU?$char_traits@D@std@@V?$allocator@D@2@@2@@std@@@2@$0A@@std@@@2@XZ 00401b80 f i IniFile.obj
 0001:00000b90       ??0?$allocator@U?$pair@$$CBU?$pair@V?$basic_string@DU?$char_traits@D@std@@V?$allocator@D@2@@std@@V12@@std@@V?$basic_string@DU?$char_traits@D@std@@V?$allocator@D@2@@2@@std@@@std@@QAE@ABV01@@Z 00401b90 f i IniFile.obj
 0001:00000ba0       ?deallocate@?$allocator@U_Node@?$_Tree_nod@V?$_Tmap_traits@U?$pair@V?$basic_string@DU?$char_traits@D@std@@V?$allocator@D@2@@std@@V12@@std@@V?$basic_string@DU?$char_traits@D@std@@V?$allocator@D@2@@2@U?$less@U?$pair@V?$basic_string@DU?$char_traits@D@std@@V?$allocator@D@2@@std@@V12@@std@@@2@V?$allocator@U?$pair@$$CBU?$pair@V?$basic_string@DU?$char_traits@D@std@@V?$allocator@D@2@@std@@V12@@std@@V?$basic_string@DU?$char_traits@D@std@@V?$allocator@D@2@@2@@std@@@2@$0A@@std@@@std@@@std@@QAEXPAU_Node@?$_Tree_nod@V?$_Tmap_traits@U?$pair@V?$basic_string@DU?$char_traits@D@std@@V?$allocator@D@2@@std@@V12@@std@@V?$basic_string@DU?$char_traits@D@std@@V?$allocator@D@2@@2@U?$less@U?$pair@V?$basic_string@DU?$char_traits@D@std@@V?$allocator@D@2@@std@@V12@@std@@@2@V?$allocator@U?$pair@$$CBU?$pair@V?$basic_string@DU?$char_traits@D@std@@V?$allocator@D@2@@std@@V12@@std@@V?$basic_string@DU?$char_traits@D@std@@V?$allocator@D@2@@2@@std@@@2@$0A@@std@@@2@I@Z 00401ba0 f i IniFile.obj
 0001:00000bb0       ??Dconst_iterator@?$_Tree@V?$_Tmap_traits@U?$pair@V?$basic_string@DU?$char_traits@D@std@@V?$allocator@D@2@@std@@V12@@std@@V?$basic_string@DU?$char_traits@D@std@@V?$allocator@D@2@@2@U?$less@U?$pair@V?$basic_string@DU?$char_traits@D@std@@V?$allocator@D@2@@std@@V12@@std@@@2@V?$allocator@U?$pair@$$CBU?$pair@V?$basic_string@DU?$char_traits@D@std@@V?$allocator@D@2@@std@@V12@@std@@V?$basic_string@DU?$char_traits@D@std@@V?$allocator@D@2@@2@@std@@@2@$0A@@std@@@std@@QBEABU?$pair@$$CBU?$pair@V?$basic_string@DU?$char_traits@D@std@@V?$allocator@D@2@@std@@V12@@std@@V?$basic_string@DU?$char_traits@D@std@@V?$allocator@D@2@@2@@2@XZ 00401bb0 f i IniFile.obj
 0001:00000be0       ??D?$_String_const_iterator@DU?$char_traits@D@std@@V?$allocator@D@2@@std@@QBEABDXZ 00401be0 f i IniFile.obj
 0001:00000c20       ?unshift@?$codecvt@DDH@std@@QBEHAAHPAD1AAPAD@Z 00401c20 f i IniFile.obj
 0001:00000c30       ??0?$_Bidit@U?$pair@$$CBU?$pair@V?$basic_string@DU?$char_traits@D@std@@V?$allocator@D@2@@std@@V12@@std@@V?$basic_string@DU?$char_traits@D@std@@V?$allocator@D@2@@2@@std@@HPBU12@ABU12@@std@@QAE@XZ 00401c30 f i IniFile.obj
 0001:00000c40       ?_Inside@?$basic_string@DU?$char_traits@D@std@@V?$allocator@D@2@@std@@IAE_NPBD@Z 00401c40 f i IniFile.obj
 0001:00000c80       ?setp@?$basic_streambuf@DU?$char_traits@D@std@@@std@@IAEXPAD0@Z 00401c80 f i IniFile.obj
 0001:00000ca0       ?max_size@?$allocator@U?$pair@$$CBU?$pair@V?$basic_string@DU?$char_traits@D@std@@V?$allocator@D@2@@std@@V12@@std@@V?$basic_string@DU?$char_traits@D@std@@V?$allocator@D@2@@2@@std@@@std@@QBEIXZ 00401ca0 f i IniFile.obj
 0001:00000cb0       ??0?$_Ranit_base@DHPBDABDU_Iterator_base@std@@@std@@QAE@XZ 00401cb0 f i IniFile.obj
 0001:00000cc0       ?max_size@?$allocator@D@std@@QBEIXZ 00401cc0 f i IniFile.obj
 0001:00000cd0       ?_Max@?$_Tree@V?$_Tmap_traits@U?$pair@V?$basic_string@DU?$char_traits@D@std@@V?$allocator@D@2@@std@@V12@@std@@V?$basic_string@DU?$char_traits@D@std@@V?$allocator@D@2@@2@U?$less@U?$pair@V?$basic_string@DU?$char_traits@D@std@@V?$allocator@D@2@@std@@V12@@std@@@2@V?$allocator@U?$pair@$$CBU?$pair@V?$basic_string@DU?$char_traits@D@std@@V?$allocator@D@2@@std@@V12@@std@@V?$basic_string@DU?$char_traits@D@std@@V?$allocator@D@2@@2@@std@@@2@$0A@@std@@@std@@KAPAU_Node@?$_Tree_nod@V?$_Tmap_traits@U?$pair@V?$basic_string@DU?$char_traits@D@std@@V?$allocator@D@2@@std@@V12@@std@@V?$basic_string@DU?$char_traits@D@std@@V?$allocator@D@2@@2@U?$less@U?$pair@V?$basic_string@DU?$char_traits@D@std@@V?$allocator@D@2@@std@@V12@@std@@@2@V?$allocator@U?$pair@$$CBU?$pair@V?$basic_string@DU?$char_traits@D@std@@V?$allocator@D@2@@std@@V12@@std@@V?$basic_string@DU?$char_traits@D@std@@V?$allocator@D@2@@2@@std@@@2@$0A@@std@@@2@PAU342@@Z 00401cd0 f i IniFile.obj
 0001:00000cf0       ?_Min@?$_Tree@V?$_Tmap_traits@U?$pair@V?$basic_string@DU?$char_traits@D@std@@V?$allocator@D@2@@std@@V12@@std@@V?$basic_string@DU?$char_traits@D@std@@V?$allocator@D@2@@2@U?$less@U?$pair@V?$basic_string@DU?$char_traits@D@std@@V?$allocator@D@2@@std@@V12@@std@@@2@V?$allocator@U?$pair@$$CBU?$pair@V?$basic_string@DU?$char_traits@D@std@@V?$allocator@D@2@@std@@V12@@std@@V?$basic_string@DU?$char_traits@D@std@@V?$allocator@D@2@@2@@std@@@2@$0A@@std@@@std@@KAPAU_Node@?$_Tree_nod@V?$_Tmap_traits@U?$pair@V?$basic_string@DU?$char_traits@D@std@@V?$allocator@D@2@@std@@V12@@std@@V?$basic_string@DU?$char_traits@D@std@@V?$allocator@D@2@@2@U?$less@U?$pair@V?$basic_string@DU?$char_traits@D@std@@V?$allocator@D@2@@std@@V12@@std@@@2@V?$allocator@U?$pair@$$CBU?$pair@V?$basic_string@DU?$char_traits@D@std@@V?$allocator@D@2@@std@@V12@@std@@V?$basic_string@DU?$char_traits@D@std@@V?$allocator@D@2@@2@@std@@@2@$0A@@std@@@2@PAU342@@Z 00401cf0 f i IniFile.obj
 0001:00000d10       ??0?$_Tmap_traits@U?$pair@V?$basic_string@DU?$char_traits@D@std@@V?$allocator@D@2@@std@@V12@@std@@V?$basic_string@DU?$char_traits@D@std@@V?$allocator@D@2@@2@U?$less@U?$pair@V?$basic_string@DU?$char_traits@D@std@@V?$allocator@D@2@@std@@V12@@std@@@2@V?$allocator@U?$pair@$$CBU?$pair@V?$basic_string@DU?$char_traits@D@std@@V?$allocator@D@2@@std@@V12@@std@@V?$basic_string@DU?$char_traits@D@std@@V?$allocator@D@2@@2@@std@@@2@$0A@@std@@QAE@U?$less@U?$pair@V?$basic_string@DU?$char_traits@D@std@@V?$allocator@D@2@@std@@V12@@std@@@1@@Z 00401d10 f i IniFile.obj
 0001:00000d20       ?_Inc@const_iterator@?$_Tree@V?$_Tmap_traits@U?$pair@V?$basic_string@DU?$char_traits@D@std@@V?$allocator@D@2@@std@@V12@@std@@V?$basic_string@DU?$char_traits@D@std@@V?$allocator@D@2@@2@U?$less@U?$pair@V?$basic_string@DU?$char_traits@D@std@@V?$allocator@D@2@@std@@V12@@std@@@2@V?$allocator@U?$pair@$$CBU?$pair@V?$basic_string@DU?$char_traits@D@std@@V?$allocator@D@2@@std@@V12@@std@@V?$basic_string@DU?$char_traits@D@std@@V?$allocator@D@2@@2@@std@@@2@$0A@@std@@@std@@QAEXXZ 00401d20 f i IniFile.obj
 0001:00000d90       ??$_Destroy@PAU_Node@?$_Tree_nod@V?$_Tmap_traits@U?$pair@V?$basic_string@DU?$char_traits@D@std@@V?$allocator@D@2@@std@@V12@@std@@V?$basic_string@DU?$char_traits@D@std@@V?$allocator@D@2@@2@U?$less@U?$pair@V?$basic_string@DU?$char_traits@D@std@@V?$allocator@D@2@@std@@V12@@std@@@2@V?$allocator@U?$pair@$$CBU?$pair@V?$basic_string@DU?$char_traits@D@std@@V?$allocator@D@2@@std@@V12@@std@@V?$basic_string@DU?$char_traits@D@std@@V?$allocator@D@2@@2@@std@@@2@$0A@@std@@@std@@@std@@YAXPAPAU_Node@?$_Tree_nod@V?$_Tmap_traits@U?$pair@V?$basic_string@DU?$char_traits@D@std@@V?$allocator@D@2@@std@@V12@@std@@V?$basic_string@DU?$char_traits@D@std@@V?$allocator@D@2@@2@U?$less@U?$pair@V?$basic_string@DU?$char_traits@D@std@@V?$allocator@D@2@@std@@V12@@std@@@2@V?$allocator@U?$pair@$$CBU?$pair@V?$basic_string@DU?$char_traits@D@std@@V?$allocator@D@2@@std@@V12@@std@@V?$basic_string@DU?$char_traits@D@std@@V?$allocator@D@2@@2@@std@@@2@$0A@@std@@@0@@Z 00401d90 f i IniFile.obj
 0001:00000da0       ??$swap@D@std@@YAXAAD0@Z   00401da0 f i IniFile.obj
 0001:00000dc0       ??$?0U?$pair@$$CBU?$pair@V?$basic_string@DU?$char_traits@D@std@@V?$allocator@D@2@@std@@V12@@std@@V?$basic_string@DU?$char_traits@D@std@@V?$allocator@D@2@@2@@std@@@?$allocator@PAU_Node@?$_Tree_nod@V?$_Tmap_traits@U?$pair@V?$basic_string@DU?$char_traits@D@std@@V?$allocator@D@2@@std@@V12@@std@@V?$basic_string@DU?$char_traits@D@std@@V?$allocator@D@2@@2@U?$less@U?$pair@V?$basic_string@DU?$char_traits@D@std@@V?$allocator@D@2@@std@@V12@@std@@@2@V?$allocator@U?$pair@$$CBU?$pair@V?$basic_string@DU?$char_traits@D@std@@V?$allocator@D@2@@std@@V12@@std@@V?$basic_string@DU?$char_traits@D@std@@V?$allocator@D@2@@2@@std@@@2@$0A@@std@@@std@@@std@@QAE@ABV?$allocator@U?$pair@$$CBU?$pair@V?$basic_string@DU?$char_traits@D@std@@V?$allocator@D@2@@std@@V12@@std@@V?$basic_string@DU?$char_traits@D@std@@V?$allocator@D@2@@2@@std@@@1@@Z 00401dc0 f i IniFile.obj
 0001:00000dd0       ??$_Allocate@U_Node@?$_Tree_nod@V?$_Tmap_traits@U?$pair@V?$basic_string@DU?$char_traits@D@std@@V?$allocator@D@2@@std@@V12@@std@@V?$basic_string@DU?$char_traits@D@std@@V?$allocator@D@2@@2@U?$less@U?$pair@V?$basic_string@DU?$char_traits@D@std@@V?$allocator@D@2@@std@@V12@@std@@@2@V?$allocator@U?$pair@$$CBU?$pair@V?$basic_string@DU?$char_traits@D@std@@V?$allocator@D@2@@std@@V12@@std@@V?$basic_string@DU?$char_traits@D@std@@V?$allocator@D@2@@2@@std@@@2@$0A@@std@@@std@@@std@@YAPAU_Node@?$_Tree_nod@V?$_Tmap_traits@U?$pair@V?$basic_string@DU?$char_traits@D@std@@V?$allocator@D@2@@std@@V12@@std@@V?$basic_string@DU?$char_traits@D@std@@V?$allocator@D@2@@2@U?$less@U?$pair@V?$basic_string@DU?$char_traits@D@std@@V?$allocator@D@2@@std@@V12@@std@@@2@V?$allocator@U?$pair@$$CBU?$pair@V?$basic_string@DU?$char_traits@D@std@@V?$allocator@D@2@@std@@V12@@std@@V?$basic_string@DU?$char_traits@D@std@@V?$allocator@D@2@@2@@std@@@2@$0A@@std@@@0@IPAU120@@Z 00401dd0 f i IniFile.obj
 0001:00000e30       ??$_Allocate@D@std@@YAPADIPAD@Z 00401e30 f i IniFile.obj
 0001:00000e90       ??$?0U?$pair@$$CBU?$pair@V?$basic_string@DU?$char_traits@D@std@@V?$allocator@D@2@@std@@V12@@std@@V?$basic_string@DU?$char_traits@D@std@@V?$allocator@D@2@@2@@std@@@?$allocator@U_Node@?$_Tree_nod@V?$_Tmap_traits@U?$pair@V?$basic_string@DU?$char_traits@D@std@@V?$allocator@D@2@@std@@V12@@std@@V?$basic_string@DU?$char_traits@D@std@@V?$allocator@D@2@@2@U?$less@U?$pair@V?$basic_string@DU?$char_traits@D@std@@V?$allocator@D@2@@std@@V12@@std@@@2@V?$allocator@U?$pair@$$CBU?$pair@V?$basic_string@DU?$char_traits@D@std@@V?$allocator@D@2@@std@@V12@@std@@V?$basic_string@DU?$char_traits@D@std@@V?$allocator@D@2@@2@@std@@@2@$0A@@std@@@std@@@std@@QAE@ABV?$allocator@U?$pair@$$CBU?$pair@V?$basic_string@DU?$char_traits@D@std@@V?$allocator@D@2@@std@@V12@@std@@V?$basic_string@DU?$char_traits@D@std@@V?$allocator@D@2@@2@@std@@@1@@Z 00401e90 f i IniFile.obj
 0001:00000ea0       ??$_Construct@PAU_Node@?$_Tree_nod@V?$_Tmap_traits@U?$pair@V?$basic_string@DU?$char_traits@D@std@@V?$allocator@D@2@@std@@V12@@std@@V?$basic_string@DU?$char_traits@D@std@@V?$allocator@D@2@@2@U?$less@U?$pair@V?$basic_string@DU?$char_traits@D@std@@V?$allocator@D@2@@std@@V12@@std@@@2@V?$allocator@U?$pair@$$CBU?$pair@V?$basic_string@DU?$char_traits@D@std@@V?$allocator@D@2@@std@@V12@@std@@V?$basic_string@DU?$char_traits@D@std@@V?$allocator@D@2@@2@@std@@@2@$0A@@std@@@std@@PAU123@@std@@YAXPAPAU_Node@?$_Tree_nod@V?$_Tmap_traits@U?$pair@V?$basic_string@DU?$char_traits@D@std@@V?$allocator@D@2@@std@@V12@@std@@V?$basic_string@DU?$char_traits@D@std@@V?$allocator@D@2@@2@U?$less@U?$pair@V?$basic_string@DU?$char_traits@D@std@@V?$allocator@D@2@@std@@V12@@std@@@2@V?$allocator@U?$pair@$$CBU?$pair@V?$basic_string@DU?$char_traits@D@std@@V?$allocator@D@2@@std@@V12@@std@@V?$basic_string@DU?$char_traits@D@std@@V?$allocator@D@2@@2@@std@@@2@$0A@@std@@@0@ABQAU120@@Z 00401ea0 f i IniFile.obj
 0001:00000ec0       ??0bad_alloc@std@@QAE@ABV01@@Z 00401ec0 f i IniFile.obj
 0001:00000ee0       ?_Init@?$codecvt@DDH@std@@IAEXABV_Locinfo@2@@Z 00401ee0 f i IniFile.obj
 0001:00000ef0       ??$_Char_traits_cat@U?$char_traits@D@std@@@std@@YA?AU_Secure_char_traits_tag@0@XZ 00401ef0 f i IniFile.obj
 0001:00000f00       ??$copy_s@U?$char_traits@D@std@@@_Traits_helper@std@@YAPADPADIPBDIU_Secure_char_traits_tag@1@@Z 00401f00 f i IniFile.obj
 0001:00000f30       ??$move_s@U?$char_traits@D@std@@@_Traits_helper@std@@YAPADPADIPBDIU_Secure_char_traits_tag@1@@Z 00401f30 f i IniFile.obj
 0001:00000f60       ??A?$basic_string@DU?$char_traits@D@std@@V?$allocator@D@2@@std@@QAEAADI@Z 00401f60 f i IniFile.obj
 0001:00000f90       ??A?$basic_string@DU?$char_traits@D@std@@V?$allocator@D@2@@std@@QBEABDI@Z 00401f90 f i IniFile.obj
 0001:00000fc0       ?c_str@?$basic_string@DU?$char_traits@D@std@@V?$allocator@D@2@@std@@QBEPBDXZ 00401fc0 f i IniFile.obj
 0001:00000fd0       ??1_Sentry_base@?$basic_istream@DU?$char_traits@D@std@@@std@@QAE@XZ 00401fd0 f i IniFile.obj
 0001:00000ff0       ??1?$basic_streambuf@DU?$char_traits@D@std@@@std@@UAE@XZ 00401ff0 f i IniFile.obj
 0001:00001070       ?overflow@?$basic_streambuf@DU?$char_traits@D@std@@@std@@MAEHH@Z 00402070 f i IniFile.obj
 0001:00001080       ?pbackfail@?$basic_streambuf@DU?$char_traits@D@std@@@std@@MAEHH@Z 00402080 f i IniFile.obj
 0001:00001090       ?showmanyc@?$basic_streambuf@DU?$char_traits@D@std@@@std@@MAEHXZ 00402090 f i IniFile.obj
 0001:000010a0       ?underflow@?$basic_streambuf@DU?$char_traits@D@std@@@std@@MAEHXZ 004020a0 f i IniFile.obj
 0001:000010b0       ?xsgetn@?$basic_streambuf@DU?$char_traits@D@std@@@std@@MAEHPADH@Z 004020b0 f i IniFile.obj
 0001:000010d0       ?setbuf@?$basic_streambuf@DU?$char_traits@D@std@@@std@@MAEPAV12@PADH@Z 004020d0 f i IniFile.obj
 0001:000010e0       ?sync@?$basic_streambuf@DU?$char_traits@D@std@@@std@@MAEHXZ 004020e0 f i IniFile.obj
 0001:000010f0       ?imbue@?$basic_streambuf@DU?$char_traits@D@std@@@std@@MAEXABVlocale@2@@Z 004020f0 f i IniFile.obj
 0001:00001100       ?pptr@?$basic_streambuf@DU?$char_traits@D@std@@@std@@IBEPADXZ 00402100 f i IniFile.obj
 0001:00001110       ?gbump@?$basic_streambuf@DU?$char_traits@D@std@@@std@@IAEXH@Z 00402110 f i IniFile.obj
 0001:00001130       ?pbump@?$basic_streambuf@DU?$char_traits@D@std@@@std@@IAEXH@Z 00402130 f i IniFile.obj
 0001:00001150       ?_Pnavail@?$basic_streambuf@DU?$char_traits@D@std@@@std@@IBEHXZ 00402150 f i IniFile.obj
 0001:00001170       ??0?$fpos@H@std@@QAE@J@Z   00402170 f i IniFile.obj
 0001:00001190       ?sgetc@?$basic_streambuf@DU?$char_traits@D@std@@@std@@QAEHXZ 00402190 f i IniFile.obj
 0001:000011b0       ?uflow@?$basic_streambuf@DU?$char_traits@D@std@@@std@@MAEHXZ 004021b0 f i IniFile.obj
 0001:000011e0       ?seekoff@?$basic_streambuf@DU?$char_traits@D@std@@@std@@MAE?AV?$fpos@H@2@JHH@Z 004021e0 f i IniFile.obj
 0001:00001200       ?seekpos@?$basic_streambuf@DU?$char_traits@D@std@@@std@@MAE?AV?$fpos@H@2@V32@H@Z 00402200 f i IniFile.obj
 0001:00001220       ?is_open@?$basic_ifstream@DU?$char_traits@D@std@@@std@@QBE_NXZ 00402220 f i IniFile.obj
 0001:00001230       ??_G?$basic_istream@DU?$char_traits@D@std@@@std@@UAEPAXI@Z 00402230 f i IniFile.obj
 0001:00001230       ??_E?$basic_istream@DU?$char_traits@D@std@@@std@@UAEPAXI@Z 00402230 f i IniFile.obj
 0001:00001270       ??_G?$basic_streambuf@DU?$char_traits@D@std@@@std@@UAEPAXI@Z 00402270 f i IniFile.obj
 0001:00001270       ??_E?$basic_streambuf@DU?$char_traits@D@std@@@std@@UAEPAXI@Z 00402270 f i IniFile.obj
 0001:00001290       ?find@?$basic_string@DU?$char_traits@D@std@@V?$allocator@D@2@@std@@QBEIPBDII@Z 00402290 f i IniFile.obj
 0001:00001350       ?compare@?$basic_string@DU?$char_traits@D@std@@V?$allocator@D@2@@std@@QBEHIIPBDI@Z 00402350 f i IniFile.obj
 0001:000013c0       ??0?$_String_val@DV?$allocator@D@std@@@std@@IAE@V?$allocator@D@1@@Z 004023c0 f i IniFile.obj
 0001:000013d0       ??0_Sentry_base@?$basic_istream@DU?$char_traits@D@std@@@std@@QAE@AAV12@@Z 004023d0 f i IniFile.obj
 0001:00001400       ?sbumpc@?$basic_streambuf@DU?$char_traits@D@std@@@std@@QAEHXZ 00402400 f i IniFile.obj
 0001:00001430       ?_Key@?$_Tree@V?$_Tmap_traits@U?$pair@V?$basic_string@DU?$char_traits@D@std@@V?$allocator@D@2@@std@@V12@@std@@V?$basic_string@DU?$char_traits@D@std@@V?$allocator@D@2@@2@U?$less@U?$pair@V?$basic_string@DU?$char_traits@D@std@@V?$allocator@D@2@@std@@V12@@std@@@2@V?$allocator@U?$pair@$$CBU?$pair@V?$basic_string@DU?$char_traits@D@std@@V?$allocator@D@2@@std@@V12@@std@@V?$basic_string@DU?$char_traits@D@std@@V?$allocator@D@2@@2@@std@@@2@$0A@@std@@@std@@KAABU?$pair@V?$basic_string@DU?$char_traits@D@std@@V?$allocator@D@2@@std@@V12@@2@PAU_Node@?$_Tree_nod@V?$_Tmap_traits@U?$pair@V?$basic_string@DU?$char_traits@D@std@@V?$allocator@D@2@@std@@V12@@std@@V?$basic_string@DU?$char_traits@D@std@@V?$allocator@D@2@@2@U?$less@U?$pair@V?$basic_string@DU?$char_traits@D@std@@V?$allocator@D@2@@std@@V12@@std@@@2@V?$allocator@U?$pair@$$CBU?$pair@V?$basic_string@DU?$char_traits@D@std@@V?$allocator@D@2@@std@@V12@@std@@V?$basic_string@DU?$char_traits@D@std@@V?$allocator@D@2@@2@@std@@@2@$0A@@std@@@2@@Z 00402430 f i IniFile.obj
 0001:00001440       ?_Root@?$_Tree@V?$_Tmap_traits@U?$pair@V?$basic_string@DU?$char_traits@D@std@@V?$allocator@D@2@@std@@V12@@std@@V?$basic_string@DU?$char_traits@D@std@@V?$allocator@D@2@@2@U?$less@U?$pair@V?$basic_string@DU?$char_traits@D@std@@V?$allocator@D@2@@std@@V12@@std@@@2@V?$allocator@U?$pair@$$CBU?$pair@V?$basic_string@DU?$char_traits@D@std@@V?$allocator@D@2@@std@@V12@@std@@V?$basic_string@DU?$char_traits@D@std@@V?$allocator@D@2@@2@@std@@@2@$0A@@std@@@std@@IBEAAPAU_Node@?$_Tree_nod@V?$_Tmap_traits@U?$pair@V?$basic_string@DU?$char_traits@D@std@@V?$allocator@D@2@@std@@V12@@std@@V?$basic_string@DU?$char_traits@D@std@@V?$allocator@D@2@@2@U?$less@U?$pair@V?$basic_string@DU?$char_traits@D@std@@V?$allocator@D@2@@std@@V12@@std@@@2@V?$allocator@U?$pair@$$CBU?$pair@V?$basic_string@DU?$char_traits@D@std@@V?$allocator@D@2@@std@@V12@@std@@V?$basic_string@DU?$char_traits@D@std@@V?$allocator@D@2@@2@@std@@@2@$0A@@std@@@2@XZ 00402440 f i IniFile.obj
 0001:00001450       ??Diterator@?$_Tree@V?$_Tmap_traits@U?$pair@V?$basic_string@DU?$char_traits@D@std@@V?$allocator@D@2@@std@@V12@@std@@V?$basic_string@DU?$char_traits@D@std@@V?$allocator@D@2@@2@U?$less@U?$pair@V?$basic_string@DU?$char_traits@D@std@@V?$allocator@D@2@@std@@V12@@std@@@2@V?$allocator@U?$pair@$$CBU?$pair@V?$basic_string@DU?$char_traits@D@std@@V?$allocator@D@2@@std@@V12@@std@@V?$basic_string@DU?$char_traits@D@std@@V?$allocator@D@2@@2@@std@@@2@$0A@@std@@@std@@QBEAAU?$pair@$$CBU?$pair@V?$basic_string@DU?$char_traits@D@std@@V?$allocator@D@2@@std@@V12@@std@@V?$basic_string@DU?$char_traits@D@std@@V?$allocator@D@2@@2@@2@XZ 00402450 f i IniFile.obj
 0001:00001480       ??D?$_String_iterator@DU?$char_traits@D@std@@V?$allocator@D@2@@std@@QBEAADXZ 00402480 f i IniFile.obj
 0001:000014c0       ?_Init@?$basic_streambuf@DU?$char_traits@D@std@@@std@@IAEXXZ 004024c0 f i IniFile.obj
 0001:00001520       ?max_size@?$_Tree@V?$_Tmap_traits@U?$pair@V?$basic_string@DU?$char_traits@D@std@@V?$allocator@D@2@@std@@V12@@std@@V?$basic_string@DU?$char_traits@D@std@@V?$allocator@D@2@@2@U?$less@U?$pair@V?$basic_string@DU?$char_traits@D@std@@V?$allocator@D@2@@std@@V12@@std@@@2@V?$allocator@U?$pair@$$CBU?$pair@V?$basic_string@DU?$char_traits@D@std@@V?$allocator@D@2@@std@@V12@@std@@V?$basic_string@DU?$char_traits@D@std@@V?$allocator@D@2@@2@@std@@@2@$0A@@std@@@std@@QBEIXZ 00402520 f i IniFile.obj
 0001:00001530       ?_Lrotate@?$_Tree@V?$_Tmap_traits@U?$pair@V?$basic_string@DU?$char_traits@D@std@@V?$allocator@D@2@@std@@V12@@std@@V?$basic_string@DU?$char_traits@D@std@@V?$allocator@D@2@@2@U?$less@U?$pair@V?$basic_string@DU?$char_traits@D@std@@V?$allocator@D@2@@std@@V12@@std@@@2@V?$allocator@U?$pair@$$CBU?$pair@V?$basic_string@DU?$char_traits@D@std@@V?$allocator@D@2@@std@@V12@@std@@V?$basic_string@DU?$char_traits@D@std@@V?$allocator@D@2@@2@@std@@@2@$0A@@std@@@std@@IAEXPAU_Node@?$_Tree_nod@V?$_Tmap_traits@U?$pair@V?$basic_string@DU?$char_traits@D@std@@V?$allocator@D@2@@std@@V12@@std@@V?$basic_string@DU?$char_traits@D@std@@V?$allocator@D@2@@2@U?$less@U?$pair@V?$basic_string@DU?$char_traits@D@std@@V?$allocator@D@2@@std@@V12@@std@@@2@V?$allocator@U?$pair@$$CBU?$pair@V?$basic_string@DU?$char_traits@D@std@@V?$allocator@D@2@@std@@V12@@std@@V?$basic_string@DU?$char_traits@D@std@@V?$allocator@D@2@@2@@std@@@2@$0A@@std@@@2@@Z 00402530 f i IniFile.obj
 0001:00001580       ?_Rrotate@?$_Tree@V?$_Tmap_traits@U?$pair@V?$basic_string@DU?$char_traits@D@std@@V?$allocator@D@2@@std@@V12@@std@@V?$basic_string@DU?$char_traits@D@std@@V?$allocator@D@2@@2@U?$less@U?$pair@V?$basic_string@DU?$char_traits@D@std@@V?$allocator@D@2@@std@@V12@@std@@@2@V?$allocator@U?$pair@$$CBU?$pair@V?$basic_string@DU?$char_traits@D@std@@V?$allocator@D@2@@std@@V12@@std@@V?$basic_string@DU?$char_traits@D@std@@V?$allocator@D@2@@2@@std@@@2@$0A@@std@@@std@@IAEXPAU_Node@?$_Tree_nod@V?$_Tmap_traits@U?$pair@V?$basic_string@DU?$char_traits@D@std@@V?$allocator@D@2@@std@@V12@@std@@V?$basic_string@DU?$char_traits@D@std@@V?$allocator@D@2@@2@U?$less@U?$pair@V?$basic_string@DU?$char_traits@D@std@@V?$allocator@D@2@@std@@V12@@std@@@2@V?$allocator@U?$pair@$$CBU?$pair@V?$basic_string@DU?$char_traits@D@std@@V?$allocator@D@2@@std@@V12@@std@@V?$basic_string@DU?$char_traits@D@std@@V?$allocator@D@2@@2@@std@@@2@$0A@@std@@@2@@Z 00402580 f i IniFile.obj
 0001:000015e0       ?destroy@?$allocator@PAU_Node@?$_Tree_nod@V?$_Tmap_traits@U?$pair@V?$basic_string@DU?$char_traits@D@std@@V?$allocator@D@2@@std@@V12@@std@@V?$basic_string@DU?$char_traits@D@std@@V?$allocator@D@2@@2@U?$less@U?$pair@V?$basic_string@DU?$char_traits@D@std@@V?$allocator@D@2@@std@@V12@@std@@@2@V?$allocator@U?$pair@$$CBU?$pair@V?$basic_string@DU?$char_traits@D@std@@V?$allocator@D@2@@std@@V12@@std@@V?$basic_string@DU?$char_traits@D@std@@V?$allocator@D@2@@2@@std@@@2@$0A@@std@@@std@@@std@@QAEXPAPAU_Node@?$_Tree_nod@V?$_Tmap_traits@U?$pair@V?$basic_string@DU?$char_traits@D@std@@V?$allocator@D@2@@std@@V12@@std@@V?$basic_string@DU?$char_traits@D@std@@V?$allocator@D@2@@2@U?$less@U?$pair@V?$basic_string@DU?$char_traits@D@std@@V?$allocator@D@2@@std@@V12@@std@@@2@V?$allocator@U?$pair@$$CBU?$pair@V?$basic_string@DU?$char_traits@D@std@@V?$allocator@D@2@@std@@V12@@std@@V?$basic_string@DU?$char_traits@D@std@@V?$allocator@D@2@@2@@std@@@2@$0A@@std@@@2@@Z 004025e0 f i IniFile.obj
 0001:000015f0       ??0const_iterator@?$_Tree@V?$_Tmap_traits@U?$pair@V?$basic_string@DU?$char_traits@D@std@@V?$allocator@D@2@@std@@V12@@std@@V?$basic_string@DU?$char_traits@D@std@@V?$allocator@D@2@@2@U?$less@U?$pair@V?$basic_string@DU?$char_traits@D@std@@V?$allocator@D@2@@std@@V12@@std@@@2@V?$allocator@U?$pair@$$CBU?$pair@V?$basic_string@DU?$char_traits@D@std@@V?$allocator@D@2@@std@@V12@@std@@V?$basic_string@DU?$char_traits@D@std@@V?$allocator@D@2@@2@@std@@@2@$0A@@std@@@std@@QAE@PAU_Node@?$_Tree_nod@V?$_Tmap_traits@U?$pair@V?$basic_string@DU?$char_traits@D@std@@V?$allocator@D@2@@std@@V12@@std@@V?$basic_string@DU?$char_traits@D@std@@V?$allocator@D@2@@2@U?$less@U?$pair@V?$basic_string@DU?$char_traits@D@std@@V?$allocator@D@2@@std@@V12@@std@@@2@V?$allocator@U?$pair@$$CBU?$pair@V?$basic_string@DU?$char_traits@D@std@@V?$allocator@D@2@@std@@V12@@std@@V?$basic_string@DU?$char_traits@D@std@@V?$allocator@D@2@@2@@std@@@2@$0A@@std@@@2@PBV12@@Z 004025f0 f i IniFile.obj
 0001:00001620       ?max_size@?$basic_string@DU?$char_traits@D@std@@V?$allocator@D@2@@std@@QBEIXZ 00402620 f i IniFile.obj
 0001:00001630       ?allocate@?$allocator@U_Node@?$_Tree_nod@V?$_Tmap_traits@U?$pair@V?$basic_string@DU?$char_traits@D@std@@V?$allocator@D@2@@std@@V12@@std@@V?$basic_string@DU?$char_traits@D@std@@V?$allocator@D@2@@2@U?$less@U?$pair@V?$basic_string@DU?$char_traits@D@std@@V?$allocator@D@2@@std@@V12@@std@@@2@V?$allocator@U?$pair@$$CBU?$pair@V?$basic_string@DU?$char_traits@D@std@@V?$allocator@D@2@@std@@V12@@std@@V?$basic_string@DU?$char_traits@D@std@@V?$allocator@D@2@@2@@std@@@2@$0A@@std@@@std@@@std@@QAEPAU_Node@?$_Tree_nod@V?$_Tmap_traits@U?$pair@V?$basic_string@DU?$char_traits@D@std@@V?$allocator@D@2@@std@@V12@@std@@V?$basic_string@DU?$char_traits@D@std@@V?$allocator@D@2@@2@U?$less@U?$pair@V?$basic_string@DU?$char_traits@D@std@@V?$allocator@D@2@@std@@V12@@std@@@2@V?$allocator@U?$pair@$$CBU?$pair@V?$basic_string@DU?$char_traits@D@std@@V?$allocator@D@2@@std@@V12@@std@@V?$basic_string@DU?$char_traits@D@std@@V?$allocator@D@2@@2@@std@@@2@$0A@@std@@@2@I@Z 00402630 f i IniFile.obj
 0001:00001650       ?_Dec@const_iterator@?$_Tree@V?$_Tmap_traits@U?$pair@V?$basic_string@DU?$char_traits@D@std@@V?$allocator@D@2@@std@@V12@@std@@V?$basic_string@DU?$char_traits@D@std@@V?$allocator@D@2@@2@U?$less@U?$pair@V?$basic_string@DU?$char_traits@D@std@@V?$allocator@D@2@@std@@V12@@std@@@2@V?$allocator@U?$pair@$$CBU?$pair@V?$basic_string@DU?$char_traits@D@std@@V?$allocator@D@2@@std@@V12@@std@@V?$basic_string@DU?$char_traits@D@std@@V?$allocator@D@2@@2@@std@@@2@$0A@@std@@@std@@QAEXXZ 00402650 f i IniFile.obj
 0001:000016e0       ??0?$_String_const_iterator@DU?$char_traits@D@std@@V?$allocator@D@2@@std@@QAE@PBDPBU_Container_base@1@@Z 004026e0 f i IniFile.obj
 0001:00001740       ?allocate@?$allocator@D@std@@QAEPADI@Z 00402740 f i IniFile.obj
 0001:00001760       ??0?$_Tree_nod@V?$_Tmap_traits@U?$pair@V?$basic_string@DU?$char_traits@D@std@@V?$allocator@D@2@@std@@V12@@std@@V?$basic_string@DU?$char_traits@D@std@@V?$allocator@D@2@@2@U?$less@U?$pair@V?$basic_string@DU?$char_traits@D@std@@V?$allocator@D@2@@std@@V12@@std@@@2@V?$allocator@U?$pair@$$CBU?$pair@V?$basic_string@DU?$char_traits@D@std@@V?$allocator@D@2@@std@@V12@@std@@V?$basic_string@DU?$char_traits@D@std@@V?$allocator@D@2@@2@@std@@@2@$0A@@std@@@std@@IAE@ABU?$less@U?$pair@V?$basic_string@DU?$char_traits@D@std@@V?$allocator@D@2@@std@@V12@@std@@@1@V?$allocator@U?$pair@$$CBU?$pair@V?$basic_string@DU?$char_traits@D@std@@V?$allocator@D@2@@std@@V12@@std@@V?$basic_string@DU?$char_traits@D@std@@V?$allocator@D@2@@2@@std@@@1@@Z 00402760 f i IniFile.obj
 0001:00001770       ?construct@?$allocator@PAU_Node@?$_Tree_nod@V?$_Tmap_traits@U?$pair@V?$basic_string@DU?$char_traits@D@std@@V?$allocator@D@2@@std@@V12@@std@@V?$basic_string@DU?$char_traits@D@std@@V?$allocator@D@2@@2@U?$less@U?$pair@V?$basic_string@DU?$char_traits@D@std@@V?$allocator@D@2@@std@@V12@@std@@@2@V?$allocator@U?$pair@$$CBU?$pair@V?$basic_string@DU?$char_traits@D@std@@V?$allocator@D@2@@std@@V12@@std@@V?$basic_string@DU?$char_traits@D@std@@V?$allocator@D@2@@2@@std@@@2@$0A@@std@@@std@@@std@@QAEXPAPAU_Node@?$_Tree_nod@V?$_Tmap_traits@U?$pair@V?$basic_string@DU?$char_traits@D@std@@V?$allocator@D@2@@std@@V12@@std@@V?$basic_string@DU?$char_traits@D@std@@V?$allocator@D@2@@2@U?$less@U?$pair@V?$basic_string@DU?$char_traits@D@std@@V?$allocator@D@2@@std@@V12@@std@@@2@V?$allocator@U?$pair@$$CBU?$pair@V?$basic_string@DU?$char_traits@D@std@@V?$allocator@D@2@@std@@V12@@std@@V?$basic_string@DU?$char_traits@D@std@@V?$allocator@D@2@@2@@std@@@2@$0A@@std@@@2@ABQAU342@@Z 00402770 f i IniFile.obj
 0001:00001790       ??Econst_iterator@?$_Tree@V?$_Tmap_traits@U?$pair@V?$basic_string@DU?$char_traits@D@std@@V?$allocator@D@2@@std@@V12@@std@@V?$basic_string@DU?$char_traits@D@std@@V?$allocator@D@2@@2@U?$less@U?$pair@V?$basic_string@DU?$char_traits@D@std@@V?$allocator@D@2@@std@@V12@@std@@@2@V?$allocator@U?$pair@$$CBU?$pair@V?$basic_string@DU?$char_traits@D@std@@V?$allocator@D@2@@std@@V12@@std@@V?$basic_string@DU?$char_traits@D@std@@V?$allocator@D@2@@2@@std@@@2@$0A@@std@@@std@@QAEAAV012@XZ 00402790 f i IniFile.obj
 0001:000017a0       ??$copy_s@U?$char_traits@D@std@@@_Traits_helper@std@@YAPADPADIPBDI@Z 004027a0 f i IniFile.obj
 0001:000017d0       ??$move_s@U?$char_traits@D@std@@@_Traits_helper@std@@YAPADPADIPBDI@Z 004027d0 f i IniFile.obj
 0001:00001800       ??1sentry@?$basic_istream@DU?$char_traits@D@std@@@std@@QAE@XZ 00402800 f i IniFile.obj
 0001:00001820       ?find@?$basic_string@DU?$char_traits@D@std@@V?$allocator@D@2@@std@@QBEIDI@Z 00402820 f i IniFile.obj
 0001:00001840       ?compare@?$basic_string@DU?$char_traits@D@std@@V?$allocator@D@2@@std@@QBEHABV12@@Z 00402840 f i IniFile.obj
 0001:00001880       ?compare@?$basic_string@DU?$char_traits@D@std@@V?$allocator@D@2@@std@@QBEHPBD@Z 00402880 f i IniFile.obj
 0001:000018b0       ?snextc@?$basic_streambuf@DU?$char_traits@D@std@@@std@@QAEHXZ 004028b0 f i IniFile.obj
 0001:00001930       ?_Xsgetn_s@?$basic_streambuf@DU?$char_traits@D@std@@@std@@MAEHPADIH@Z 00402930 f i IniFile.obj
 0001:000019d0       ?xsputn@?$basic_streambuf@DU?$char_traits@D@std@@@std@@MAEHPBDH@Z 004029d0 f i IniFile.obj
 0001:00001a70       ??Citerator@?$_Tree@V?$_Tmap_traits@U?$pair@V?$basic_string@DU?$char_traits@D@std@@V?$allocator@D@2@@std@@V12@@std@@V?$basic_string@DU?$char_traits@D@std@@V?$allocator@D@2@@2@U?$less@U?$pair@V?$basic_string@DU?$char_traits@D@std@@V?$allocator@D@2@@std@@V12@@std@@@2@V?$allocator@U?$pair@$$CBU?$pair@V?$basic_string@DU?$char_traits@D@std@@V?$allocator@D@2@@std@@V12@@std@@V?$basic_string@DU?$char_traits@D@std@@V?$allocator@D@2@@2@@std@@@2@$0A@@std@@@std@@QBEPAU?$pair@$$CBU?$pair@V?$basic_string@DU?$char_traits@D@std@@V?$allocator@D@2@@std@@V12@@std@@V?$basic_string@DU?$char_traits@D@std@@V?$allocator@D@2@@2@@2@XZ 00402a70 f i IniFile.obj
 0001:00001aa0       ?erase@?$basic_string@DU?$char_traits@D@std@@V?$allocator@D@2@@std@@QAEAAV12@II@Z 00402aa0 f i IniFile.obj
 0001:00001b30       ?_Tidy@?$basic_string@DU?$char_traits@D@std@@V?$allocator@D@2@@std@@IAEX_NI@Z 00402b30 f i IniFile.obj
 0001:00001b80       ?_Init@?$basic_filebuf@DU?$char_traits@D@std@@@std@@IAEXPAU_iobuf@@W4_Initfl@12@@Z 00402b80 f i IniFile.obj
 0001:00001bd0       ?_Initcvt@?$basic_filebuf@DU?$char_traits@D@std@@@std@@IAEXPAV?$codecvt@DDH@2@@Z 00402bd0 f i IniFile.obj
 0001:00001c00       ??0iterator@?$_Tree@V?$_Tmap_traits@U?$pair@V?$basic_string@DU?$char_traits@D@std@@V?$allocator@D@2@@std@@V12@@std@@V?$basic_string@DU?$char_traits@D@std@@V?$allocator@D@2@@2@U?$less@U?$pair@V?$basic_string@DU?$char_traits@D@std@@V?$allocator@D@2@@std@@V12@@std@@@2@V?$allocator@U?$pair@$$CBU?$pair@V?$basic_string@DU?$char_traits@D@std@@V?$allocator@D@2@@std@@V12@@std@@V?$basic_string@DU?$char_traits@D@std@@V?$allocator@D@2@@2@@std@@@2@$0A@@std@@@std@@QAE@PAU_Node@?$_Tree_nod@V?$_Tmap_traits@U?$pair@V?$basic_string@DU?$char_traits@D@std@@V?$allocator@D@2@@std@@V12@@std@@V?$basic_string@DU?$char_traits@D@std@@V?$allocator@D@2@@2@U?$less@U?$pair@V?$basic_string@DU?$char_traits@D@std@@V?$allocator@D@2@@std@@V12@@std@@@2@V?$allocator@U?$pair@$$CBU?$pair@V?$basic_string@DU?$char_traits@D@std@@V?$allocator@D@2@@std@@V12@@std@@V?$basic_string@DU?$char_traits@D@std@@V?$allocator@D@2@@2@@std@@@2@$0A@@std@@@2@PBV12@@Z 00402c00 f i IniFile.obj
 0001:00001c30       ??0?$basic_streambuf@DU?$char_traits@D@std@@@std@@IAE@XZ 00402c30 f i IniFile.obj
 0001:00001ce0       ??Fconst_iterator@?$_Tree@V?$_Tmap_traits@U?$pair@V?$basic_string@DU?$char_traits@D@std@@V?$allocator@D@2@@std@@V12@@std@@V?$basic_string@DU?$char_traits@D@std@@V?$allocator@D@2@@2@U?$less@U?$pair@V?$basic_string@DU?$char_traits@D@std@@V?$allocator@D@2@@std@@V12@@std@@@2@V?$allocator@U?$pair@$$CBU?$pair@V?$basic_string@DU?$char_traits@D@std@@V?$allocator@D@2@@std@@V12@@std@@V?$basic_string@DU?$char_traits@D@std@@V?$allocator@D@2@@2@@std@@@2@$0A@@std@@@std@@QAEAAV012@XZ 00402ce0 f i IniFile.obj
 0001:00001cf0       ??0?$_String_iterator@DU?$char_traits@D@std@@V?$allocator@D@2@@std@@QAE@PADPBU_Container_base@1@@Z 00402cf0 f i IniFile.obj
 0001:00001d10       ?_Copy@?$basic_string@DU?$char_traits@D@std@@V?$allocator@D@2@@std@@IAEXII@Z 00402d10 f i IniFile.obj
 0001:00001e60       ?_Buynode@?$_Tree@V?$_Tmap_traits@U?$pair@V?$basic_string@DU?$char_traits@D@std@@V?$allocator@D@2@@std@@V12@@std@@V?$basic_string@DU?$char_traits@D@std@@V?$allocator@D@2@@2@U?$less@U?$pair@V?$basic_string@DU?$char_traits@D@std@@V?$allocator@D@2@@std@@V12@@std@@@2@V?$allocator@U?$pair@$$CBU?$pair@V?$basic_string@DU?$char_traits@D@std@@V?$allocator@D@2@@std@@V12@@std@@V?$basic_string@DU?$char_traits@D@std@@V?$allocator@D@2@@2@@std@@@2@$0A@@std@@@std@@IAEPAU_Node@?$_Tree_nod@V?$_Tmap_traits@U?$pair@V?$basic_string@DU?$char_traits@D@std@@V?$allocator@D@2@@std@@V12@@std@@V?$basic_string@DU?$char_traits@D@std@@V?$allocator@D@2@@2@U?$less@U?$pair@V?$basic_string@DU?$char_traits@D@std@@V?$allocator@D@2@@std@@V12@@std@@@2@V?$allocator@U?$pair@$$CBU?$pair@V?$basic_string@DU?$char_traits@D@std@@V?$allocator@D@2@@std@@V12@@std@@V?$basic_string@DU?$char_traits@D@std@@V?$allocator@D@2@@2@@std@@@2@$0A@@std@@@2@XZ 00402e60 f i IniFile.obj
 0001:00001ea0       ??0?$_Tree_ptr@V?$_Tmap_traits@U?$pair@V?$basic_string@DU?$char_traits@D@std@@V?$allocator@D@2@@std@@V12@@std@@V?$basic_string@DU?$char_traits@D@std@@V?$allocator@D@2@@2@U?$less@U?$pair@V?$basic_string@DU?$char_traits@D@std@@V?$allocator@D@2@@std@@V12@@std@@@2@V?$allocator@U?$pair@$$CBU?$pair@V?$basic_string@DU?$char_traits@D@std@@V?$allocator@D@2@@std@@V12@@std@@V?$basic_string@DU?$char_traits@D@std@@V?$allocator@D@2@@2@@std@@@2@$0A@@std@@@std@@IAE@ABU?$less@U?$pair@V?$basic_string@DU?$char_traits@D@std@@V?$allocator@D@2@@std@@V12@@std@@@1@V?$allocator@U?$pair@$$CBU?$pair@V?$basic_string@DU?$char_traits@D@std@@V?$allocator@D@2@@std@@V12@@std@@V?$basic_string@DU?$char_traits@D@std@@V?$allocator@D@2@@2@@std@@@1@@Z 00402ea0 f i IniFile.obj
 0001:00001eb0       ??Eiterator@?$_Tree@V?$_Tmap_traits@U?$pair@V?$basic_string@DU?$char_traits@D@std@@V?$allocator@D@2@@std@@V12@@std@@V?$basic_string@DU?$char_traits@D@std@@V?$allocator@D@2@@2@U?$less@U?$pair@V?$basic_string@DU?$char_traits@D@std@@V?$allocator@D@2@@std@@V12@@std@@@2@V?$allocator@U?$pair@$$CBU?$pair@V?$basic_string@DU?$char_traits@D@std@@V?$allocator@D@2@@std@@V12@@std@@V?$basic_string@DU?$char_traits@D@std@@V?$allocator@D@2@@2@@std@@@2@$0A@@std@@@std@@QAEAAV012@XZ 00402eb0 f i IniFile.obj
 0001:00001ec0       ??$?MDU?$char_traits@D@std@@V?$allocator@D@1@@std@@YA_NABV?$basic_string@DU?$char_traits@D@std@@V?$allocator@D@2@@0@0@Z 00402ec0 f i IniFile.obj
 0001:00001ef0       ??0?$basic_string@DU?$char_traits@D@std@@V?$allocator@D@2@@std@@QAE@XZ 00402ef0 f i IniFile.obj
 0001:00001f10       ??1?$basic_string@DU?$char_traits@D@std@@V?$allocator@D@2@@std@@QAE@XZ 00402f10 f i IniFile.obj
 0001:00001f40       ?end@?$_Tree@V?$_Tmap_traits@U?$pair@V?$basic_string@DU?$char_traits@D@std@@V?$allocator@D@2@@std@@V12@@std@@V?$basic_string@DU?$char_traits@D@std@@V?$allocator@D@2@@2@U?$less@U?$pair@V?$basic_string@DU?$char_traits@D@std@@V?$allocator@D@2@@std@@V12@@std@@@2@V?$allocator@U?$pair@$$CBU?$pair@V?$basic_string@DU?$char_traits@D@std@@V?$allocator@D@2@@std@@V12@@std@@V?$basic_string@DU?$char_traits@D@std@@V?$allocator@D@2@@2@@std@@@2@$0A@@std@@@std@@QAE?AViterator@12@XZ 00402f40 f i IniFile.obj
 0001:00001f50       ?begin@?$basic_string@DU?$char_traits@D@std@@V?$allocator@D@2@@std@@QAE?AV?$_String_iterator@DU?$char_traits@D@std@@V?$allocator@D@2@@2@XZ 00402f50 f i IniFile.obj
 0001:00001f90       ??0?$basic_filebuf@DU?$char_traits@D@std@@@std@@QAE@PAU_iobuf@@@Z 00402f90 f i IniFile.obj
 0001:00001ff0       ?not_eof@?$char_traits@D@std@@SAHABH@Z 00402ff0 f i IniFile.obj
 0001:00002010       ??$_Fgetc@D@std@@YA_NAADPAU_iobuf@@@Z 00403010 f i IniFile.obj
 0001:00002030       ??$_Fputc@D@std@@YA_NDPAU_iobuf@@@Z 00403030 f i IniFile.obj
 0001:00002050       ??$_Ungetc@D@std@@YA_NABDPAU_iobuf@@@Z 00403050 f i IniFile.obj
 0001:00002070       ?sync@?$basic_filebuf@DU?$char_traits@D@std@@@std@@MAEHXZ 00403070 f i IniFile.obj
 0001:000020a0       ?eback@?$basic_streambuf@DU?$char_traits@D@std@@@std@@IBEPADXZ 004030a0 f i IniFile.obj
 0001:000020b0       ?egptr@?$basic_streambuf@DU?$char_traits@D@std@@@std@@IBEPADXZ 004030b0 f i IniFile.obj
 0001:000020c0       ?epptr@?$basic_streambuf@DU?$char_traits@D@std@@@std@@IBEPADXZ 004030c0 f i IniFile.obj
 0001:000020d0       ?_Gndec@?$basic_streambuf@DU?$char_traits@D@std@@@std@@IAEPADXZ 004030d0 f i IniFile.obj
 0001:000020f0       ?_Pninc@?$basic_streambuf@DU?$char_traits@D@std@@@std@@IAEPADXZ 004030f0 f i IniFile.obj
 0001:00002110       ??0?$fpos@H@std@@QAE@H_J@Z 00403110 f i IniFile.obj
 0001:00002130       ?state@?$fpos@H@std@@QBEHXZ 00403130 f i IniFile.obj
 0001:00002140       ?seekpos@?$fpos@H@std@@QBE_JXZ 00403140 f i IniFile.obj
 0001:00002150       ??B?$fpos@H@std@@QBEJXZ    00403150 f i IniFile.obj
 0001:00002160       ?in@?$codecvt@DDH@std@@QBEHAAHPBD1AAPBDPAD3AAPAD@Z 00403160 f i IniFile.obj
 0001:00002170       ?out@?$codecvt@DDH@std@@QBEHAAHPBD1AAPBDPAD3AAPAD@Z 00403170 f i IniFile.obj
 0001:00002180       ?pbackfail@?$basic_filebuf@DU?$char_traits@D@std@@@std@@MAEHH@Z 00403180 f i IniFile.obj
 0001:000021f0       ?underflow@?$basic_filebuf@DU?$char_traits@D@std@@@std@@MAEHXZ 004031f0 f i IniFile.obj
 0001:00002240       ?setbuf@?$basic_filebuf@DU?$char_traits@D@std@@@std@@MAEPAV?$basic_streambuf@DU?$char_traits@D@std@@@2@PADH@Z 00403240 f i IniFile.obj
 0001:000022d0       ?begin@?$_Tree@V?$_Tmap_traits@U?$pair@V?$basic_string@DU?$char_traits@D@std@@V?$allocator@D@2@@std@@V12@@std@@V?$basic_string@DU?$char_traits@D@std@@V?$allocator@D@2@@2@U?$less@U?$pair@V?$basic_string@DU?$char_traits@D@std@@V?$allocator@D@2@@std@@V12@@std@@@2@V?$allocator@U?$pair@$$CBU?$pair@V?$basic_string@DU?$char_traits@D@std@@V?$allocator@D@2@@std@@V12@@std@@V?$basic_string@DU?$char_traits@D@std@@V?$allocator@D@2@@2@@std@@@2@$0A@@std@@@std@@QAE?AViterator@12@XZ 004032d0 f i IniFile.obj
 0001:000022f0       ??Fiterator@?$_Tree@V?$_Tmap_traits@U?$pair@V?$basic_string@DU?$char_traits@D@std@@V?$allocator@D@2@@std@@V12@@std@@V?$basic_string@DU?$char_traits@D@std@@V?$allocator@D@2@@2@U?$less@U?$pair@V?$basic_string@DU?$char_traits@D@std@@V?$allocator@D@2@@std@@V12@@std@@@2@V?$allocator@U?$pair@$$CBU?$pair@V?$basic_string@DU?$char_traits@D@std@@V?$allocator@D@2@@std@@V12@@std@@V?$basic_string@DU?$char_traits@D@std@@V?$allocator@D@2@@2@@std@@@2@$0A@@std@@@std@@QAEAAV012@XZ 004032f0 f i IniFile.obj
 0001:00002300       ?_Grow@?$basic_string@DU?$char_traits@D@std@@V?$allocator@D@2@@std@@IAE_NI_N@Z 00403300 f i IniFile.obj
 0001:000023c0       ?_Init@?$_Tree@V?$_Tmap_traits@U?$pair@V?$basic_string@DU?$char_traits@D@std@@V?$allocator@D@2@@std@@V12@@std@@V?$basic_string@DU?$char_traits@D@std@@V?$allocator@D@2@@2@U?$less@U?$pair@V?$basic_string@DU?$char_traits@D@std@@V?$allocator@D@2@@std@@V12@@std@@@2@V?$allocator@U?$pair@$$CBU?$pair@V?$basic_string@DU?$char_traits@D@std@@V?$allocator@D@2@@std@@V12@@std@@V?$basic_string@DU?$char_traits@D@std@@V?$allocator@D@2@@2@@std@@@2@$0A@@std@@@std@@IAEXXZ 004033c0 f i IniFile.obj
 0001:000023f0       ??0?$_Tree_val@V?$_Tmap_traits@U?$pair@V?$basic_string@DU?$char_traits@D@std@@V?$allocator@D@2@@std@@V12@@std@@V?$basic_string@DU?$char_traits@D@std@@V?$allocator@D@2@@2@U?$less@U?$pair@V?$basic_string@DU?$char_traits@D@std@@V?$allocator@D@2@@std@@V12@@std@@@2@V?$allocator@U?$pair@$$CBU?$pair@V?$basic_string@DU?$char_traits@D@std@@V?$allocator@D@2@@std@@V12@@std@@V?$basic_string@DU?$char_traits@D@std@@V?$allocator@D@2@@2@@std@@@2@$0A@@std@@@std@@IAE@ABU?$less@U?$pair@V?$basic_string@DU?$char_traits@D@std@@V?$allocator@D@2@@std@@V12@@std@@@1@V?$allocator@U?$pair@$$CBU?$pair@V?$basic_string@DU?$char_traits@D@std@@V?$allocator@D@2@@std@@V12@@std@@V?$basic_string@DU?$char_traits@D@std@@V?$allocator@D@2@@2@@std@@@1@@Z 004033f0 f i IniFile.obj
 0001:00002400       ??Eiterator@?$_Tree@V?$_Tmap_traits@U?$pair@V?$basic_string@DU?$char_traits@D@std@@V?$allocator@D@2@@std@@V12@@std@@V?$basic_string@DU?$char_traits@D@std@@V?$allocator@D@2@@2@U?$less@U?$pair@V?$basic_string@DU?$char_traits@D@std@@V?$allocator@D@2@@std@@V12@@std@@@2@V?$allocator@U?$pair@$$CBU?$pair@V?$basic_string@DU?$char_traits@D@std@@V?$allocator@D@2@@std@@V12@@std@@V?$basic_string@DU?$char_traits@D@std@@V?$allocator@D@2@@2@@std@@@2@$0A@@std@@@std@@QAE?AV012@H@Z 00403400 f i IniFile.obj
 0001:00002420       ??$?MV?$basic_string@DU?$char_traits@D@std@@V?$allocator@D@2@@std@@V01@@std@@YA_NABU?$pair@V?$basic_string@DU?$char_traits@D@std@@V?$allocator@D@2@@std@@V12@@0@0@Z 00403420 f i IniFile.obj
 0001:000024b0       ??1logic_error@std@@UAE@XZ 004034b0 f i IniFile.obj
 0001:000024f0       ?what@logic_error@std@@UBEPBDXZ 004034f0 f i IniFile.obj
 0001:00002500       ??_Glogic_error@std@@UAEPAXI@Z 00403500 f i IniFile.obj
 0001:00002500       ??_Elogic_error@std@@UAEPAXI@Z 00403500 f i IniFile.obj
 0001:00002550       ??1runtime_error@std@@UAE@XZ 00403550 f i IniFile.obj
 0001:00002590       ?what@runtime_error@std@@UBEPBDXZ 00403590 f i IniFile.obj
 0001:000025a0       ??_Eruntime_error@std@@UAEPAXI@Z 004035a0 f i IniFile.obj
 0001:000025a0       ??_Gruntime_error@std@@UAEPAXI@Z 004035a0 f i IniFile.obj
 0001:000025f0       ??1_Locinfo@std@@QAE@XZ    004035f0 f i IniFile.obj
 0001:000026d0       ??1?$pair@V?$basic_string@DU?$char_traits@D@std@@V?$allocator@D@2@@std@@V12@@std@@QAE@XZ 004036d0 f i IniFile.obj
 0001:00002720       ??1?$pair@$$CBU?$pair@V?$basic_string@DU?$char_traits@D@std@@V?$allocator@D@2@@std@@V12@@std@@V?$basic_string@DU?$char_traits@D@std@@V?$allocator@D@2@@2@@std@@QAE@XZ 00403720 f i IniFile.obj
 0001:00002790       ?append@?$basic_string@DU?$char_traits@D@std@@V?$allocator@D@2@@std@@QAEAAV12@ID@Z 00403790 f i IniFile.obj
 0001:00002840       ?assign@?$basic_string@DU?$char_traits@D@std@@V?$allocator@D@2@@std@@QAEAAV12@ABV12@II@Z 00403840 f i IniFile.obj
 0001:00002920       ??0?$_Tree@V?$_Tmap_traits@U?$pair@V?$basic_string@DU?$char_traits@D@std@@V?$allocator@D@2@@std@@V12@@std@@V?$basic_string@DU?$char_traits@D@std@@V?$allocator@D@2@@2@U?$less@U?$pair@V?$basic_string@DU?$char_traits@D@std@@V?$allocator@D@2@@std@@V12@@std@@@2@V?$allocator@U?$pair@$$CBU?$pair@V?$basic_string@DU?$char_traits@D@std@@V?$allocator@D@2@@std@@V12@@std@@V?$basic_string@DU?$char_traits@D@std@@V?$allocator@D@2@@2@@std@@@2@$0A@@std@@@std@@QAE@ABU?$less@U?$pair@V?$basic_string@DU?$char_traits@D@std@@V?$allocator@D@2@@std@@V12@@std@@@1@ABV?$allocator@U?$pair@$$CBU?$pair@V?$basic_string@DU?$char_traits@D@std@@V?$allocator@D@2@@std@@V12@@std@@V?$basic_string@DU?$char_traits@D@std@@V?$allocator@D@2@@2@@std@@@1@@Z 00403920 f i IniFile.obj
 0001:00002950       ??R?$less@U?$pair@V?$basic_string@DU?$char_traits@D@std@@V?$allocator@D@2@@std@@V12@@std@@@std@@QBE_NABU?$pair@V?$basic_string@DU?$char_traits@D@std@@V?$allocator@D@2@@std@@V12@@1@0@Z 00403950 f i IniFile.obj
 0001:00002970       ?assign@?$basic_string@DU?$char_traits@D@std@@V?$allocator@D@2@@std@@QAEAAV12@PBDI@Z 00403970 f i IniFile.obj
 0001:00002a40       ?assign@?$basic_string@DU?$char_traits@D@std@@V?$allocator@D@2@@std@@QAEAAV12@ID@Z 00403a40 f i IniFile.obj
 0001:00002ad0       ?_Lbound@?$_Tree@V?$_Tmap_traits@U?$pair@V?$basic_string@DU?$char_traits@D@std@@V?$allocator@D@2@@std@@V12@@std@@V?$basic_string@DU?$char_traits@D@std@@V?$allocator@D@2@@2@U?$less@U?$pair@V?$basic_string@DU?$char_traits@D@std@@V?$allocator@D@2@@std@@V12@@std@@@2@V?$allocator@U?$pair@$$CBU?$pair@V?$basic_string@DU?$char_traits@D@std@@V?$allocator@D@2@@std@@V12@@std@@V?$basic_string@DU?$char_traits@D@std@@V?$allocator@D@2@@2@@std@@@2@$0A@@std@@@std@@IBEPAU_Node@?$_Tree_nod@V?$_Tmap_traits@U?$pair@V?$basic_string@DU?$char_traits@D@std@@V?$allocator@D@2@@std@@V12@@std@@V?$basic_string@DU?$char_traits@D@std@@V?$allocator@D@2@@2@U?$less@U?$pair@V?$basic_string@DU?$char_traits@D@std@@V?$allocator@D@2@@std@@V12@@std@@@2@V?$allocator@U?$pair@$$CBU?$pair@V?$basic_string@DU?$char_traits@D@std@@V?$allocator@D@2@@std@@V12@@std@@V?$basic_string@DU?$char_traits@D@std@@V?$allocator@D@2@@2@@std@@@2@$0A@@std@@@2@ABU?$pair@V?$basic_string@DU?$char_traits@D@std@@V?$allocator@D@2@@std@@V12@@2@@Z 00403ad0 f i IniFile.obj
 0001:00002b10       ??1_Node@?$_Tree_nod@V?$_Tmap_traits@U?$pair@V?$basic_string@DU?$char_traits@D@std@@V?$allocator@D@2@@std@@V12@@std@@V?$basic_string@DU?$char_traits@D@std@@V?$allocator@D@2@@2@U?$less@U?$pair@V?$basic_string@DU?$char_traits@D@std@@V?$allocator@D@2@@std@@V12@@std@@@2@V?$allocator@U?$pair@$$CBU?$pair@V?$basic_string@DU?$char_traits@D@std@@V?$allocator@D@2@@std@@V12@@std@@V?$basic_string@DU?$char_traits@D@std@@V?$allocator@D@2@@2@@std@@@2@$0A@@std@@@std@@QAE@XZ 00403b10 f i IniFile.obj
 0001:00002b20       ??Y?$basic_string@DU?$char_traits@D@std@@V?$allocator@D@2@@std@@QAEAAV01@D@Z 00403b20 f i IniFile.obj
 0001:00002b30       ??0?$basic_string@DU?$char_traits@D@std@@V?$allocator@D@2@@std@@QAE@ABV01@@Z 00403b30 f i IniFile.obj
 0001:00002b60       ?uflow@?$basic_filebuf@DU?$char_traits@D@std@@@std@@MAEHXZ 00403b60 f i IniFile.obj
 0001:00002ec0       ??0?$pair@V?$basic_string@DU?$char_traits@D@std@@V?$allocator@D@2@@std@@V12@@std@@QAE@ABV?$basic_string@DU?$char_traits@D@std@@V?$allocator@D@2@@1@0@Z 00403ec0 f i IniFile.obj
 0001:00002f40       ??0?$pair@V?$basic_string@DU?$char_traits@D@std@@V?$allocator@D@2@@std@@V12@@std@@QAE@ABU01@@Z 00403f40 f i IniFile.obj
 0001:00002fc0       ??0?$basic_string@DU?$char_traits@D@std@@V?$allocator@D@2@@std@@QAE@ABV01@II@Z 00403fc0 f i IniFile.obj
 0001:00002ff0       ??0?$basic_string@DU?$char_traits@D@std@@V?$allocator@D@2@@std@@QAE@ID@Z 00403ff0 f i IniFile.obj
 0001:00003020       ?assign@?$basic_string@DU?$char_traits@D@std@@V?$allocator@D@2@@std@@QAEAAV12@ABV12@@Z 00404020 f i IniFile.obj
 0001:00003040       ?assign@?$basic_string@DU?$char_traits@D@std@@V?$allocator@D@2@@std@@QAEAAV12@PBD@Z 00404040 f i IniFile.obj
 0001:00003070       ?_Endwrite@?$basic_filebuf@DU?$char_traits@D@std@@@std@@IAE_NXZ 00404070 f i IniFile.obj
 0001:00003390       ?lower_bound@?$_Tree@V?$_Tmap_traits@U?$pair@V?$basic_string@DU?$char_traits@D@std@@V?$allocator@D@2@@std@@V12@@std@@V?$basic_string@DU?$char_traits@D@std@@V?$allocator@D@2@@2@U?$less@U?$pair@V?$basic_string@DU?$char_traits@D@std@@V?$allocator@D@2@@std@@V12@@std@@@2@V?$allocator@U?$pair@$$CBU?$pair@V?$basic_string@DU?$char_traits@D@std@@V?$allocator@D@2@@std@@V12@@std@@V?$basic_string@DU?$char_traits@D@std@@V?$allocator@D@2@@2@@std@@@2@$0A@@std@@@std@@QAE?AViterator@12@ABU?$pair@V?$basic_string@DU?$char_traits@D@std@@V?$allocator@D@2@@std@@V12@@2@@Z 00404390 f i IniFile.obj
 0001:000033c0       ??0?$pair@$$CBU?$pair@V?$basic_string@DU?$char_traits@D@std@@V?$allocator@D@2@@std@@V12@@std@@V?$basic_string@DU?$char_traits@D@std@@V?$allocator@D@2@@2@@std@@QAE@ABU01@@Z 004043c0 f i IniFile.obj
 0001:00003430       ??_G_Node@?$_Tree_nod@V?$_Tmap_traits@U?$pair@V?$basic_string@DU?$char_traits@D@std@@V?$allocator@D@2@@std@@V12@@std@@V?$basic_string@DU?$char_traits@D@std@@V?$allocator@D@2@@2@U?$less@U?$pair@V?$basic_string@DU?$char_traits@D@std@@V?$allocator@D@2@@std@@V12@@std@@@2@V?$allocator@U?$pair@$$CBU?$pair@V?$basic_string@DU?$char_traits@D@std@@V?$allocator@D@2@@std@@V12@@std@@V?$basic_string@DU?$char_traits@D@std@@V?$allocator@D@2@@2@@std@@@2@$0A@@std@@@std@@QAEPAXI@Z 00404430 f i IniFile.obj
 0001:00003460       ??0logic_error@std@@QAE@ABV?$basic_string@DU?$char_traits@D@std@@V?$allocator@D@2@@1@@Z 00404460 f i IniFile.obj
 0001:000034d0       ??0length_error@std@@QAE@ABV?$basic_string@DU?$char_traits@D@std@@V?$allocator@D@2@@1@@Z 004044d0 f i IniFile.obj
 0001:000034f0       ??1length_error@std@@UAE@XZ 004044f0 f i IniFile.obj
 0001:00003530       ??_Glength_error@std@@UAEPAXI@Z 00404530 f i IniFile.obj
 0001:00003530       ??_Elength_error@std@@UAEPAXI@Z 00404530 f i IniFile.obj
 0001:00003580       ??0out_of_range@std@@QAE@ABV?$basic_string@DU?$char_traits@D@std@@V?$allocator@D@2@@1@@Z 00404580 f i IniFile.obj
 0001:000035a0       ??1out_of_range@std@@UAE@XZ 004045a0 f i IniFile.obj
 0001:000035e0       ??_Gout_of_range@std@@UAEPAXI@Z 004045e0 f i IniFile.obj
 0001:000035e0       ??_Eout_of_range@std@@UAEPAXI@Z 004045e0 f i IniFile.obj
 0001:00003630       ??0runtime_error@std@@QAE@ABV?$basic_string@DU?$char_traits@D@std@@V?$allocator@D@2@@1@@Z 00404630 f i IniFile.obj
 0001:000036a0       ?_Getname@_Locinfo@std@@QBE?AV?$basic_string@DU?$char_traits@D@std@@V?$allocator@D@2@@2@XZ 004046a0 f i IniFile.obj
 0001:000036d0       ??0_Locimp@locale@std@@AAE@ABV012@@Z 004046d0 f i IniFile.obj
 0001:00003770       ??1_Locimp@locale@std@@MAE@XZ 00404770 f i IniFile.obj
 0001:000037f0       ??_G_Locimp@locale@std@@MAEPAXI@Z 004047f0 f i IniFile.obj
 0001:000037f0       ??_E_Locimp@locale@std@@MAEPAXI@Z 004047f0 f i IniFile.obj
 0001:00003810       ??0failure@ios_base@std@@QAE@ABV?$basic_string@DU?$char_traits@D@std@@V?$allocator@D@2@@2@@Z 00404810 f i IniFile.obj
 0001:00003830       ??1failure@ios_base@std@@UAE@XZ 00404830 f i IniFile.obj
 0001:00003870       ??_Efailure@ios_base@std@@UAEPAXI@Z 00404870 f i IniFile.obj
 0001:00003870       ??_Gfailure@ios_base@std@@UAEPAXI@Z 00404870 f i IniFile.obj
 0001:000038c0       ??0?$basic_string@DU?$char_traits@D@std@@V?$allocator@D@2@@std@@QAE@PBD@Z 004048c0 f i IniFile.obj
 0001:00003900       ??4?$basic_string@DU?$char_traits@D@std@@V?$allocator@D@2@@std@@QAEAAV01@ABV01@@Z 00404900 f i IniFile.obj
 0001:00003920       ?substr@?$basic_string@DU?$char_traits@D@std@@V?$allocator@D@2@@std@@QBE?AV12@II@Z 00404920 f i IniFile.obj
 0001:00003960       ?overflow@?$basic_filebuf@DU?$char_traits@D@std@@@std@@MAEHH@Z 00404960 f i IniFile.obj
 0001:00003d30       ?seekoff@?$basic_filebuf@DU?$char_traits@D@std@@@std@@MAE?AV?$fpos@H@2@JHH@Z 00404d30 f i IniFile.obj
 0001:00003e10       ?seekpos@?$basic_filebuf@DU?$char_traits@D@std@@@std@@MAE?AV?$fpos@H@2@V32@H@Z 00404e10 f i IniFile.obj
 0001:00003f00       ?find@?$_Tree@V?$_Tmap_traits@U?$pair@V?$basic_string@DU?$char_traits@D@std@@V?$allocator@D@2@@std@@V12@@std@@V?$basic_string@DU?$char_traits@D@std@@V?$allocator@D@2@@2@U?$less@U?$pair@V?$basic_string@DU?$char_traits@D@std@@V?$allocator@D@2@@std@@V12@@std@@@2@V?$allocator@U?$pair@$$CBU?$pair@V?$basic_string@DU?$char_traits@D@std@@V?$allocator@D@2@@std@@V12@@std@@V?$basic_string@DU?$char_traits@D@std@@V?$allocator@D@2@@2@@std@@@2@$0A@@std@@@std@@QAE?AViterator@12@ABU?$pair@V?$basic_string@DU?$char_traits@D@std@@V?$allocator@D@2@@std@@V12@@2@@Z 00404f00 f i IniFile.obj
 0001:00003f70       ??0?$pair@$$CBU?$pair@V?$basic_string@DU?$char_traits@D@std@@V?$allocator@D@2@@std@@V12@@std@@V?$basic_string@DU?$char_traits@D@std@@V?$allocator@D@2@@2@@std@@QAE@ABU?$pair@V?$basic_string@DU?$char_traits@D@std@@V?$allocator@D@2@@std@@V12@@1@ABV?$basic_string@DU?$char_traits@D@std@@V?$allocator@D@2@@1@@Z 00404f70 f i IniFile.obj
 0001:00003fe0       ?close@?$basic_filebuf@DU?$char_traits@D@std@@@std@@QAEPAV12@XZ 00404fe0 f i IniFile.obj
 0001:00004030       ??0_Node@?$_Tree_nod@V?$_Tmap_traits@U?$pair@V?$basic_string@DU?$char_traits@D@std@@V?$allocator@D@2@@std@@V12@@std@@V?$basic_string@DU?$char_traits@D@std@@V?$allocator@D@2@@2@U?$less@U?$pair@V?$basic_string@DU?$char_traits@D@std@@V?$allocator@D@2@@std@@V12@@std@@@2@V?$allocator@U?$pair@$$CBU?$pair@V?$basic_string@DU?$char_traits@D@std@@V?$allocator@D@2@@std@@V12@@std@@V?$basic_string@DU?$char_traits@D@std@@V?$allocator@D@2@@2@@std@@@2@$0A@@std@@@std@@QAE@PAU012@00ABU?$pair@$$CBU?$pair@V?$basic_string@DU?$char_traits@D@std@@V?$allocator@D@2@@std@@V12@@std@@V?$basic_string@DU?$char_traits@D@std@@V?$allocator@D@2@@2@@2@D@Z 00405030 f i IniFile.obj
 0001:00004070       ??$_Destroy@U_Node@?$_Tree_nod@V?$_Tmap_traits@U?$pair@V?$basic_string@DU?$char_traits@D@std@@V?$allocator@D@2@@std@@V12@@std@@V?$basic_string@DU?$char_traits@D@std@@V?$allocator@D@2@@2@U?$less@U?$pair@V?$basic_string@DU?$char_traits@D@std@@V?$allocator@D@2@@std@@V12@@std@@@2@V?$allocator@U?$pair@$$CBU?$pair@V?$basic_string@DU?$char_traits@D@std@@V?$allocator@D@2@@std@@V12@@std@@V?$basic_string@DU?$char_traits@D@std@@V?$allocator@D@2@@2@@std@@@2@$0A@@std@@@std@@@std@@YAXPAU_Node@?$_Tree_nod@V?$_Tmap_traits@U?$pair@V?$basic_string@DU?$char_traits@D@std@@V?$allocator@D@2@@std@@V12@@std@@V?$basic_string@DU?$char_traits@D@std@@V?$allocator@D@2@@2@U?$less@U?$pair@V?$basic_string@DU?$char_traits@D@std@@V?$allocator@D@2@@std@@V12@@std@@@2@V?$allocator@U?$pair@$$CBU?$pair@V?$basic_string@DU?$char_traits@D@std@@V?$allocator@D@2@@std@@V12@@std@@V?$basic_string@DU?$char_traits@D@std@@V?$allocator@D@2@@2@@std@@@2@$0A@@std@@@0@@Z 00405070 f i IniFile.obj
 0001:00004080       ??0_Locinfo@std@@QAE@PBD@Z 00405080 f i IniFile.obj
 0001:00004150       ??0runtime_error@std@@QAE@ABV01@@Z 00405150 f i IniFile.obj
 0001:000041d0       ??0_Locinfo@std@@QAE@HPBD@Z 004051d0 f i IniFile.obj
 0001:000042a0       ?_Addcats@_Locinfo@std@@QAEAAV12@HPBD@Z 004052a0 f i IniFile.obj
 0001:00004340       ??0_Locimp@locale@std@@AAE@_N@Z 00405340 f i IniFile.obj
 0001:000043c0       ??0locale@std@@QAE@ABV01@0H@Z 004053c0 f i IniFile.obj
 0001:000044e0       ??0locale@std@@QAE@PBDH@Z  004054e0 f i IniFile.obj
 0001:00004650       ??0?$ctype@D@std@@QAE@PBF_NI@Z 00405650 f i IniFile.obj
 0001:00004750       ?do_tolower@?$ctype@D@std@@MBEDD@Z 00405750 f i IniFile.obj
 0001:00004770       ?do_tolower@?$ctype@D@std@@MBEPBDPADPBD@Z 00405770 f i IniFile.obj
 0001:000047a0       ?do_toupper@?$ctype@D@std@@MBEDD@Z 004057a0 f i IniFile.obj
 0001:000047c0       ?do_toupper@?$ctype@D@std@@MBEPBDPADPBD@Z 004057c0 f i IniFile.obj
 0001:000047f0       ?do_widen@?$ctype@D@std@@MBEDD@Z 004057f0 f i IniFile.obj
 0001:00004800       ?do_widen@?$ctype@D@std@@MBEPBDPBD0PAD@Z 00405800 f i IniFile.obj
 0001:00004830       ?_Do_widen_s@?$ctype@D@std@@MBEPBDPBD0PADI@Z 00405830 f i IniFile.obj
 0001:00004870       ?do_narrow@?$ctype@D@std@@MBEDDD@Z 00405870 f i IniFile.obj
 0001:00004880       ?do_narrow@?$ctype@D@std@@MBEPBDPBD0DPAD@Z 00405880 f i IniFile.obj
 0001:000048b0       ?_Do_narrow_s@?$ctype@D@std@@MBEPBDPBD0DPADI@Z 004058b0 f i IniFile.obj
 0001:000048f0       ??1?$ctype@D@std@@MAE@XZ   004058f0 f i IniFile.obj
 0001:00004930       ??_G?$ctype@D@std@@MAEPAXI@Z 00405930 f i IniFile.obj
 0001:00004930       ??_E?$ctype@D@std@@MAEPAXI@Z 00405930 f i IniFile.obj
 0001:00004980       ?_Getcat@?$ctype@D@std@@SAIPAPBVfacet@locale@2@@Z 00405980 f i IniFile.obj
 0001:00004a00       ?clear@ios_base@std@@QAEXH_N@Z 00405a00 f i IniFile.obj
 0001:00004b30       ??0failure@ios_base@std@@QAE@ABV012@@Z 00405b30 f i IniFile.obj
 0001:00004b50       ?clear@ios_base@std@@QAEXH@Z 00405b50 f i IniFile.obj
 0001:00004b60       ?_Init@ios_base@std@@IAEXXZ 00405b60 f i IniFile.obj
 0001:00004be0       ??1?$basic_filebuf@DU?$char_traits@D@std@@@std@@UAE@XZ 00405be0 f i IniFile.obj
 0001:00004c50       ??_E?$basic_filebuf@DU?$char_traits@D@std@@@std@@UAEPAXI@Z 00405c50 f i IniFile.obj
 0001:00004c50       ??_G?$basic_filebuf@DU?$char_traits@D@std@@@std@@UAEPAXI@Z 00405c50 f i IniFile.obj
 0001:00004c70       ?clear@?$basic_ios@DU?$char_traits@D@std@@@std@@QAEXH_N@Z 00405c70 f i IniFile.obj
 0001:00004c90       ?_Buynode@?$_Tree@V?$_Tmap_traits@U?$pair@V?$basic_string@DU?$char_traits@D@std@@V?$allocator@D@2@@std@@V12@@std@@V?$basic_string@DU?$char_traits@D@std@@V?$allocator@D@2@@2@U?$less@U?$pair@V?$basic_string@DU?$char_traits@D@std@@V?$allocator@D@2@@std@@V12@@std@@@2@V?$allocator@U?$pair@$$CBU?$pair@V?$basic_string@DU?$char_traits@D@std@@V?$allocator@D@2@@std@@V12@@std@@V?$basic_string@DU?$char_traits@D@std@@V?$allocator@D@2@@2@@std@@@2@$0A@@std@@@std@@IAEPAU_Node@?$_Tree_nod@V?$_Tmap_traits@U?$pair@V?$basic_string@DU?$char_traits@D@std@@V?$allocator@D@2@@std@@V12@@std@@V?$basic_string@DU?$char_traits@D@std@@V?$allocator@D@2@@2@U?$less@U?$pair@V?$basic_string@DU?$char_traits@D@std@@V?$allocator@D@2@@std@@V12@@std@@@2@V?$allocator@U?$pair@$$CBU?$pair@V?$basic_string@DU?$char_traits@D@std@@V?$allocator@D@2@@std@@V12@@std@@V?$basic_string@DU?$char_traits@D@std@@V?$allocator@D@2@@2@@std@@@2@$0A@@std@@@2@PAU342@00ABU?$pair@$$CBU?$pair@V?$basic_string@DU?$char_traits@D@std@@V?$allocator@D@2@@std@@V12@@std@@V?$basic_string@DU?$char_traits@D@std@@V?$allocator@D@2@@2@@2@D@Z 00405c90 f i IniFile.obj
 0001:00004d30       ?destroy@?$allocator@U_Node@?$_Tree_nod@V?$_Tmap_traits@U?$pair@V?$basic_string@DU?$char_traits@D@std@@V?$allocator@D@2@@std@@V12@@std@@V?$basic_string@DU?$char_traits@D@std@@V?$allocator@D@2@@2@U?$less@U?$pair@V?$basic_string@DU?$char_traits@D@std@@V?$allocator@D@2@@std@@V12@@std@@@2@V?$allocator@U?$pair@$$CBU?$pair@V?$basic_string@DU?$char_traits@D@std@@V?$allocator@D@2@@std@@V12@@std@@V?$basic_string@DU?$char_traits@D@std@@V?$allocator@D@2@@2@@std@@@2@$0A@@std@@@std@@@std@@QAEXPAU_Node@?$_Tree_nod@V?$_Tmap_traits@U?$pair@V?$basic_string@DU?$char_traits@D@std@@V?$allocator@D@2@@std@@V12@@std@@V?$basic_string@DU?$char_traits@D@std@@V?$allocator@D@2@@2@U?$less@U?$pair@V?$basic_string@DU?$char_traits@D@std@@V?$allocator@D@2@@std@@V12@@std@@@2@V?$allocator@U?$pair@$$CBU?$pair@V?$basic_string@DU?$char_traits@D@std@@V?$allocator@D@2@@std@@V12@@std@@V?$basic_string@DU?$char_traits@D@std@@V?$allocator@D@2@@2@@std@@@2@$0A@@std@@@2@@Z 00405d30 f i IniFile.obj
 0001:00004d40       ??$use_facet@V?$ctype@D@std@@@std@@YAABV?$ctype@D@0@ABVlocale@0@@Z 00405d40 f i IniFile.obj
 0001:00004e70       ??$toupper@D@std@@YADDABVlocale@0@@Z 00405e70 f i IniFile.obj
 0001:00004e90       ??0?$codecvt@DDH@std@@QAE@I@Z 00405e90 f i IniFile.obj
 0001:00004f20       ??1?$codecvt@DDH@std@@MAE@XZ 00405f20 f i IniFile.obj
 0001:00004f30       ?do_in@?$codecvt@DDH@std@@MBEHAAHPBD1AAPBDPAD3AAPAD@Z 00405f30 f i IniFile.obj
 0001:00004f50       ?do_out@?$codecvt@DDH@std@@MBEHAAHPBD1AAPBDPAD3AAPAD@Z 00405f50 f i IniFile.obj
 0001:00004f70       ?do_unshift@?$codecvt@DDH@std@@MBEHAAHPAD1AAPAD@Z 00405f70 f i IniFile.obj
 0001:00004f90       ?do_length@?$codecvt@DDH@std@@MBEHABHPBD1I@Z 00405f90 f i IniFile.obj
 0001:00004fb0       ??_G?$codecvt@DDH@std@@MAEPAXI@Z 00405fb0 f i IniFile.obj
 0001:00004fb0       ??_E?$codecvt@DDH@std@@MAEPAXI@Z 00405fb0 f i IniFile.obj
 0001:00004fd0       ?ToUpper@IniFile@@AAE?AV?$basic_string@DU?$char_traits@D@std@@V?$allocator@D@2@@std@@ABV23@@Z 00405fd0 f   IniFile.obj
 0001:000051d0       ?setstate@?$basic_ios@DU?$char_traits@D@std@@@std@@QAEXH_N@Z 004061d0 f i IniFile.obj
 0001:00005200       ??1?$basic_ifstream@DU?$char_traits@D@std@@@std@@UAE@XZ 00406200 f i IniFile.obj
 0001:00005270       ?close@?$basic_ifstream@DU?$char_traits@D@std@@@std@@QAEXXZ 00406270 f i IniFile.obj
[...]
 0001:00047645       __ehhandler$?do_put@?$time_put@DV?$ostreambuf_iterator@DU?$char_traits@D@std@@@std@@@std@@MBE?AV?$ostreambuf_iterator@DU?$char_traits@D@std@@@2@V32@AAVios_base@2@DPBUtm@@DD@Z 00448645 f   libcpmt:xlocale.obj
 0001:0004766a       __unwindfunclet$?do_transform@?$collate@D@std@@MBE?AV?$basic_string@DU?$char_traits@D@std@@V?$allocator@D@2@@2@PBD0@Z$0 0044866a f   libcpmt:xlocale.obj
 0001:00047683       __ehhandler$?do_transform@?$collate@D@std@@MBE?AV?$basic_string@DU?$char_traits@D@std@@V?$allocator@D@2@@2@PBD0@Z 00448683 f   libcpmt:xlocale.obj
 0001:0004769e       __unwindfunclet$??0?$collate@D@std@@QAE@I@Z$0 0044869e f   libcpmt:xlocale.obj
 0001:000476a9       __ehhandler$??0?$collate@D@std@@QAE@I@Z 004486a9 f   libcpmt:xlocale.obj
 0001:000476d1       __unwindfunclet$??0?$messages@D@std@@QAE@I@Z$0 004486d1 f   libcpmt:xlocale.obj
 0001:000476dc       __ehhandler$??0?$messages@D@std@@QAE@I@Z 004486dc f   libcpmt:xlocale.obj
 0001:00047704       __unwindfunclet$??0?$money_get@DV?$istreambuf_iterator@DU?$char_traits@D@std@@@std@@@std@@QAE@I@Z$0 00448704 f   libcpmt:xlocale.obj
 0001:0004770f       __ehhandler$??0?$money_get@DV?$istreambuf_iterator@DU?$char_traits@D@std@@@std@@@std@@QAE@I@Z 0044870f f   libcpmt:xlocale.obj
 0001:00047737       __unwindfunclet$??0?$money_put@DV?$ostreambuf_iterator@DU?$char_traits@D@std@@@std@@@std@@QAE@I@Z$0 00448737 f   libcpmt:xlocale.obj
 0001:00047742       __ehhandler$??0?$money_put@DV?$ostreambuf_iterator@DU?$char_traits@D@std@@@std@@@std@@QAE@I@Z 00448742 f   libcpmt:xlocale.obj
 0001:0004776a       __ehhandler$?_Init@?$time_get@DV?$istreambuf_iterator@DU?$char_traits@D@std@@@std@@@std@@IAEXABV_Locinfo@2@@Z 0044876a f   libcpmt:xlocale.obj
 0001:00047785       __unwindfunclet$??0?$time_put@DV?$ostreambuf_iterator@DU?$char_traits@D@std@@@std@@@std@@QAE@I@Z$0 00448785 f   libcpmt:xlocale.obj
 0001:00047790       __unwindfunclet$??0?$time_put@DV?$ostreambuf_iterator@DU?$char_traits@D@std@@@std@@@std@@QAE@I@Z$1 00448790 f   libcpmt:xlocale.obj
 0001:0004779e       __ehhandler$??0?$time_put@DV?$ostreambuf_iterator@DU?$char_traits@D@std@@@std@@@std@@QAE@I@Z 0044879e f   libcpmt:xlocale.obj
 0001:000477c6       __unwindfunclet$??0?$_Mpunct@D@std@@QAE@I_N@Z$0 004487c6 f   libcpmt:xlocale.obj
 0001:000477d1       __unwindfunclet$??0?$_Mpunct@D@std@@QAE@I_N@Z$1 004487d1 f   libcpmt:xlocale.obj
 0001:000477dc       __ehhandler$??0?$_Mpunct@D@std@@QAE@I_N@Z 004487dc f   libcpmt:xlocale.obj
 0001:00047804       __unwindfunclet$?_Getcat@?$collate@D@std@@SAIPAPBVfacet@locale@2@@Z$0 00448804 f   libcpmt:xlocale.obj
 0001:0004780e       __ehhandler$?_Getcat@?$collate@D@std@@SAIPAPBVfacet@locale@2@@Z 0044880e f   libcpmt:xlocale.obj
 0001:00047829       __unwindfunclet$?_Getcat@?$messages@D@std@@SAIPAPBVfacet@locale@2@@Z$0 00448829 f   libcpmt:xlocale.obj
 0001:00047833       __ehhandler$?_Getcat@?$messages@D@std@@SAIPAPBVfacet@locale@2@@Z 00448833 f   libcpmt:xlocale.obj
 0001:0004784e       __unwindfunclet$?_Getcat@?$money_get@DV?$istreambuf_iterator@DU?$char_traits@D@std@@@std@@@std@@SAIPAPBVfacet@locale@2@@Z$0 0044884e f   libcpmt:xlocale.obj
 0001:00047858       __ehhandler$?_Getcat@?$money_get@DV?$istreambuf_iterator@DU?$char_traits@D@std@@@std@@@std@@SAIPAPBVfacet@locale@2@@Z 00448858 f   libcpmt:xlocale.obj
 0001:00047873       __unwindfunclet$?_Getcat@?$money_put@DV?$ostreambuf_iterator@DU?$char_traits@D@std@@@std@@@std@@SAIPAPBVfacet@locale@2@@Z$0 00448873 f   libcpmt:xlocale.obj
 0001:0004787d       __ehhandler$?_Getcat@?$money_put@DV?$ostreambuf_iterator@DU?$char_traits@D@std@@@std@@@std@@SAIPAPBVfacet@locale@2@@Z 0044887d f   libcpmt:xlocale.obj
 0001:00047898       __unwindfunclet$??0?$time_get@DV?$istreambuf_iterator@DU?$char_traits@D@std@@@std@@@std@@QAE@ABV_Locinfo@1@I@Z$0 00448898 f   libcpmt:xlocale.obj
 0001:000478a0       __ehhandler$??0?$time_get@DV?$istreambuf_iterator@DU?$char_traits@D@std@@@std@@@std@@QAE@ABV_Locinfo@1@I@Z 004488a0 f   libcpmt:xlocale.obj
 0001:000478bb       __unwindfunclet$?_Getcat@?$time_put@DV?$ostreambuf_iterator@DU?$char_traits@D@std@@@std@@@std@@SAIPAPBVfacet@locale@2@@Z$0 004488bb f   libcpmt:xlocale.obj
 0001:000478c5       __ehhandler$?_Getcat@?$time_put@DV?$ostreambuf_iterator@DU?$char_traits@D@std@@@std@@@std@@SAIPAPBVfacet@locale@2@@Z 004488c5 f   libcpmt:xlocale.obj
 0001:000478e0       __unwindfunclet$??0?$time_get@DV?$istreambuf_iterator@DU?$char_traits@D@std@@@std@@@std@@QAE@I@Z$0 004488e0 f   libcpmt:xlocale.obj
 0001:000478eb       __unwindfunclet$??0?$time_get@DV?$istreambuf_iterator@DU?$char_traits@D@std@@@std@@@std@@QAE@I@Z$1 004488eb f   libcpmt:xlocale.obj
 0001:000478f6       __ehhandler$??0?$time_get@DV?$istreambuf_iterator@DU?$char_traits@D@std@@@std@@@std@@QAE@I@Z 004488f6 f   libcpmt:xlocale.obj
 0001:0004791e       __unwindfunclet$??$use_facet@V?$collate@D@std@@@std@@YAABV?$collate@D@0@ABVlocale@0@@Z$0 0044891e f   libcpmt:xlocale.obj
 0001:00047926       __ehhandler$??$use_facet@V?$collate@D@std@@@std@@YAABV?$collate@D@0@ABVlocale@0@@Z 00448926 f   libcpmt:xlocale.obj
 0001:00047941       __unwindfunclet$??$use_facet@V?$messages@D@std@@@std@@YAABV?$messages@D@0@ABVlocale@0@@Z$0 00448941 f   libcpmt:xlocale.obj
 0001:00047949       __ehhandler$??$use_facet@V?$messages@D@std@@@std@@YAABV?$messages@D@0@ABVlocale@0@@Z 00448949 f   libcpmt:xlocale.obj
 0001:00047964       __unwindfunclet$??$use_facet@V?$money_get@DV?$istreambuf_iterator@DU?$char_traits@D@std@@@std@@@std@@@std@@YAABV?$money_get@DV?$istreambuf_iterator@DU?$char_traits@D@std@@@std@@@0@ABVlocale@0@@Z$0 00448964 f   libcpmt:xlocale.obj
 0001:0004796c       __ehhandler$??$use_facet@V?$money_get@DV?$istreambuf_iterator@DU?$char_traits@D@std@@@std@@@std@@@std@@YAABV?$money_get@DV?$istreambuf_iterator@DU?$char_traits@D@std@@@std@@@0@ABVlocale@0@@Z 0044896c f   libcpmt:xlocale.obj
 0001:00047987       __unwindfunclet$??$use_facet@V?$money_put@DV?$ostreambuf_iterator@DU?$char_traits@D@std@@@std@@@std@@@std@@YAABV?$money_put@DV?$ostreambuf_iterator@DU?$char_traits@D@std@@@std@@@0@ABVlocale@0@@Z$0 00448987 f   libcpmt:xlocale.obj
 0001:0004798f       __ehhandler$??$use_facet@V?$money_put@DV?$ostreambuf_iterator@DU?$char_traits@D@std@@@std@@@std@@@std@@YAABV?$money_put@DV?$ostreambuf_iterator@DU?$char_traits@D@std@@@std@@@0@ABVlocale@0@@Z 0044898f f   libcpmt:xlocale.obj
 0001:000479aa       __unwindfunclet$??$use_facet@V?$time_put@DV?$ostreambuf_iterator@DU?$char_traits@D@std@@@std@@@std@@@std@@YAABV?$time_put@DV?$ostreambuf_iterator@DU?$char_traits@D@std@@@std@@@0@ABVlocale@0@@Z$0 004489aa f   libcpmt:xlocale.obj
 0001:000479b2       __ehhandler$??$use_facet@V?$time_put@DV?$ostreambuf_iterator@DU?$char_traits@D@std@@@std@@@std@@@std@@YAABV?$time_put@DV?$ostreambuf_iterator@DU?$char_traits@D@std@@@std@@@0@ABVlocale@0@@Z 004489b2 f   libcpmt:xlocale.obj
 0001:000479cd       __unwindfunclet$?_Getcat@?$moneypunct@D$0A@@std@@SAIPAPBVfacet@locale@2@@Z$0 004489cd f   libcpmt:xlocale.obj
 0001:000479d7       __ehhandler$?_Getcat@?$moneypunct@D$0A@@std@@SAIPAPBVfacet@locale@2@@Z 004489d7 f   libcpmt:xlocale.obj
 0001:000479f2       __unwindfunclet$?_Getcat@?$moneypunct@D$00@std@@SAIPAPBVfacet@locale@2@@Z$0 004489f2 f   libcpmt:xlocale.obj
 0001:000479fc       __ehhandler$?_Getcat@?$moneypunct@D$00@std@@SAIPAPBVfacet@locale@2@@Z 004489fc f   libcpmt:xlocale.obj
 0001:00047a17       __unwindfunclet$?_Getcat@?$time_get@DV?$istreambuf_iterator@DU?$char_traits@D@std@@@std@@@std@@SAIPAPBVfacet@locale@2@@Z$0 00448a17 f   libcpmt:xlocale.obj
 0001:00047a21       __ehhandler$?_Getcat@?$time_get@DV?$istreambuf_iterator@DU?$char_traits@D@std@@@std@@@std@@SAIPAPBVfacet@locale@2@@Z 00448a21 f   libcpmt:xlocale.obj
 0001:00047a3c       __unwindfunclet$??$use_facet@V?$moneypunct@D$0A@@std@@@std@@YAABV?$moneypunct@D$0A@@0@ABVlocale@0@@Z$0 00448a3c f   libcpmt:xlocale.obj
 0001:00047a44       __ehhandler$??$use_facet@V?$moneypunct@D$0A@@std@@@std@@YAABV?$moneypunct@D$0A@@0@ABVlocale@0@@Z 00448a44 f   libcpmt:xlocale.obj
 0001:00047a5f       __unwindfunclet$??$use_facet@V?$moneypunct@D$00@std@@@std@@YAABV?$moneypunct@D$00@0@ABVlocale@0@@Z$0 00448a5f f   libcpmt:xlocale.obj
 0001:00047a67       __ehhandler$??$use_facet@V?$moneypunct@D$00@std@@@std@@YAABV?$moneypunct@D$00@0@ABVlocale@0@@Z 00448a67 f   libcpmt:xlocale.obj
 0001:00047a82       __unwindfunclet$??$use_facet@V?$time_get@DV?$istreambuf_iterator@DU?$char_traits@D@std@@@std@@@std@@@std@@YAABV?$time_get@DV?$istreambuf_iterator@DU?$char_traits@D@std@@@std@@@0@ABVlocale@0@@Z$0 00448a82 f   libcpmt:xlocale.obj
 0001:00047a8a       __ehhandler$??$use_facet@V?$time_get@DV?$istreambuf_iterator@DU?$char_traits@D@std@@@std@@@std@@@std@@YAABV?$time_get@DV?$istreambuf_iterator@DU?$char_traits@D@std@@@std@@@0@ABVlocale@0@@Z 00448a8a f   libcpmt:xlocale.obj
 0001:00047aa5       __unwindfunclet$?_Makexloc@_Locimp@locale@std@@CAXABV_Locinfo@3@HPAV123@PBV23@@Z$4 00448aa5 f   libcpmt:xlocale.obj
 0001:00047aaf       __unwindfunclet$?_Makexloc@_Locimp@locale@std@@CAXABV_Locinfo@3@HPAV123@PBV23@@Z$5 00448aaf f   libcpmt:xlocale.obj
 0001:00047ab9       __unwindfunclet$?_Makexloc@_Locimp@locale@std@@CAXABV_Locinfo@3@HPAV123@PBV23@@Z$6 00448ab9 f   libcpmt:xlocale.obj
 0001:00047ac3       __ehhandler$?_Makexloc@_Locimp@locale@std@@CAXABV_Locinfo@3@HPAV123@PBV23@@Z 00448ac3 f   libcpmt:xlocale.obj
 0001:00047ade       __unwindfunclet$?_Getmfld@?$money_get@DV?$istreambuf_iterator@DU?$char_traits@D@std@@@std@@@std@@ABE?AV?$basic_string@DU?$char_traits@D@std@@V?$allocator@D@2@@2@AAV?$istreambuf_iterator@DU?$char_traits@D@std@@@2@0_NAAVios_base@2@@Z$0 00448ade f   libcpmt:xlocale.obj
 0001:00047ae6       __unwindfunclet$?_Getmfld@?$money_get@DV?$istreambuf_iterator@DU?$char_traits@D@std@@@std@@@std@@ABE?AV?$basic_string@DU?$char_traits@D@std@@V?$allocator@D@2@@2@AAV?$istreambuf_iterator@DU?$char_traits@D@std@@@2@0_NAAVios_base@2@@Z$1 00448ae6 f   libcpmt:xlocale.obj
 0001:00047aee       __unwindfunclet$?_Getmfld@?$money_get@DV?$istreambuf_iterator@DU?$char_traits@D@std@@@std@@@std@@ABE?AV?$basic_string@DU?$char_traits@D@std@@V?$allocator@D@2@@2@AAV?$istreambuf_iterator@DU?$char_traits@D@std@@@2@0_NAAVios_base@2@@Z$2 00448aee f   libcpmt:xlocale.obj
 0001:00047af6       __unwindfunclet$?_Getmfld@?$money_get@DV?$istreambuf_iterator@DU?$char_traits@D@std@@@std@@@std@@ABE?AV?$basic_string@DU?$char_traits@D@std@@V?$allocator@D@2@@2@AAV?$istreambuf_iterator@DU?$char_traits@D@std@@@2@0_NAAVios_base@2@@Z$3 00448af6 f   libcpmt:xlocale.obj
 0001:00047b0f       __unwindfunclet$?_Getmfld@?$money_get@DV?$istreambuf_iterator@DU?$char_traits@D@std@@@std@@@std@@ABE?AV?$basic_string@DU?$char_traits@D@std@@V?$allocator@D@2@@2@AAV?$istreambuf_iterator@DU?$char_traits@D@std@@@2@0_NAAVios_base@2@@Z$13 00448b0f f   libcpmt:xlocale.obj
 0001:00047b17       __unwindfunclet$?_Getmfld@?$money_get@DV?$istreambuf_iterator@DU?$char_traits@D@std@@@std@@@std@@ABE?AV?$basic_string@DU?$char_traits@D@std@@V?$allocator@D@2@@2@AAV?$istreambuf_iterator@DU?$char_traits@D@std@@@2@0_NAAVios_base@2@@Z$11 00448b17 f   libcpmt:xlocale.obj
 0001:00047b1f       __unwindfunclet$?_Getmfld@?$money_get@DV?$istreambuf_iterator@DU?$char_traits@D@std@@@std@@@std@@ABE?AV?$basic_string@DU?$char_traits@D@std@@V?$allocator@D@2@@2@AAV?$istreambuf_iterator@DU?$char_traits@D@std@@@2@0_NAAVios_base@2@@Z$12 00448b1f f   libcpmt:xlocale.obj
 0001:00047b27       __unwindfunclet$?_Getmfld@?$money_get@DV?$istreambuf_iterator@DU?$char_traits@D@std@@@std@@@std@@ABE?AV?$basic_string@DU?$char_traits@D@std@@V?$allocator@D@2@@2@AAV?$istreambuf_iterator@DU?$char_traits@D@std@@@2@0_NAAVios_base@2@@Z$5 00448b27 f   libcpmt:xlocale.obj
 0001:00047b43       __unwindfunclet$?_Getmfld@?$money_get@DV?$istreambuf_iterator@DU?$char_traits@D@std@@@std@@@std@@ABE?AV?$basic_string@DU?$char_traits@D@std@@V?$allocator@D@2@@2@AAV?$istreambuf_iterator@DU?$char_traits@D@std@@@2@0_NAAVios_base@2@@Z$6 00448b43 f   libcpmt:xlocale.obj
 0001:00047b5f       __unwindfunclet$?_Getmfld@?$money_get@DV?$istreambuf_iterator@DU?$char_traits@D@std@@@std@@@std@@ABE?AV?$basic_string@DU?$char_traits@D@std@@V?$allocator@D@2@@2@AAV?$istreambuf_iterator@DU?$char_traits@D@std@@@2@0_NAAVios_base@2@@Z$7 00448b5f f   libcpmt:xlocale.obj
 0001:00047b6a       __unwindfunclet$?_Getmfld@?$money_get@DV?$istreambuf_iterator@DU?$char_traits@D@std@@@std@@@std@@ABE?AV?$basic_string@DU?$char_traits@D@std@@V?$allocator@D@2@@2@AAV?$istreambuf_iterator@DU?$char_traits@D@std@@@2@0_NAAVios_base@2@@Z$8 00448b6a f   libcpmt:xlocale.obj
 0001:00047b86       __unwindfunclet$?_Getmfld@?$money_get@DV?$istreambuf_iterator@DU?$char_traits@D@std@@@std@@@std@@ABE?AV?$basic_string@DU?$char_traits@D@std@@V?$allocator@D@2@@2@AAV?$istreambuf_iterator@DU?$char_traits@D@std@@@2@0_NAAVios_base@2@@Z$9 00448b86 f   libcpmt:xlocale.obj
 0001:00047ba2       __unwindfunclet$?_Getmfld@?$money_get@DV?$istreambuf_iterator@DU?$char_traits@D@std@@@std@@@std@@ABE?AV?$basic_string@DU?$char_traits@D@std@@V?$allocator@D@2@@2@AAV?$istreambuf_iterator@DU?$char_traits@D@std@@@2@0_NAAVios_base@2@@Z$10 00448ba2 f   libcpmt:xlocale.obj
 0001:00047bad       __unwindfunclet$?_Getmfld@?$money_get@DV?$istreambuf_iterator@DU?$char_traits@D@std@@@std@@@std@@ABE?AV?$basic_string@DU?$char_traits@D@std@@V?$allocator@D@2@@2@AAV?$istreambuf_iterator@DU?$char_traits@D@std@@@2@0_NAAVios_base@2@@Z$4 00448bad f   libcpmt:xlocale.obj
 0001:00047bb5       __ehhandler$?_Getmfld@?$money_get@DV?$istreambuf_iterator@DU?$char_traits@D@std@@@std@@@std@@ABE?AV?$basic_string@DU?$char_traits@D@std@@V?$allocator@D@2@@2@AAV?$istreambuf_iterator@DU?$char_traits@D@std@@@2@0_NAAVios_base@2@@Z 00448bb5 f   libcpmt:xlocale.obj
 0001:00047bdd       __unwindfunclet$?_Putmfld@?$money_put@DV?$ostreambuf_iterator@DU?$char_traits@D@std@@@std@@@std@@ABE?AV?$ostreambuf_iterator@DU?$char_traits@D@std@@@2@V32@_NAAVios_base@2@D1V?$basic_string@DU?$char_traits@D@std@@V?$allocator@D@2@@2@@Z$0 00448bdd f   libcpmt:xlocale.obj
 0001:00047be8       __unwindfunclet$?_Putmfld@?$money_put@DV?$ostreambuf_iterator@DU?$char_traits@D@std@@@std@@@std@@ABE?AV?$ostreambuf_iterator@DU?$char_traits@D@std@@@2@V32@_NAAVios_base@2@D1V?$basic_string@DU?$char_traits@D@std@@V?$allocator@D@2@@2@@Z$1 00448be8 f   libcpmt:xlocale.obj
 0001:00047bf0       __unwindfunclet$?_Putmfld@?$money_put@DV?$ostreambuf_iterator@DU?$char_traits@D@std@@@std@@@std@@ABE?AV?$ostreambuf_iterator@DU?$char_traits@D@std@@@2@V32@_NAAVios_base@2@D1V?$basic_string@DU?$char_traits@D@std@@V?$allocator@D@2@@2@@Z$2 00448bf0 f   libcpmt:xlocale.obj
 0001:00047bf8       __unwindfunclet$?_Putmfld@?$money_put@DV?$ostreambuf_iterator@DU?$char_traits@D@std@@@std@@@std@@ABE?AV?$ostreambuf_iterator@DU?$char_traits@D@std@@@2@V32@_NAAVios_base@2@D1V?$basic_string@DU?$char_traits@D@std@@V?$allocator@D@2@@2@@Z$3 00448bf8 f   libcpmt:xlocale.obj
 0001:00047c00       __unwindfunclet$?_Putmfld@?$money_put@DV?$ostreambuf_iterator@DU?$char_traits@D@std@@@std@@@std@@ABE?AV?$ostreambuf_iterator@DU?$char_traits@D@std@@@2@V32@_NAAVios_base@2@D1V?$basic_string@DU?$char_traits@D@std@@V?$allocator@D@2@@2@@Z$4 00448c00 f   libcpmt:xlocale.obj
 0001:00047c08       __unwindfunclet$?_Putmfld@?$money_put@DV?$ostreambuf_iterator@DU?$char_traits@D@std@@@std@@@std@@ABE?AV?$ostreambuf_iterator@DU?$char_traits@D@std@@@2@V32@_NAAVios_base@2@D1V?$basic_string@DU?$char_traits@D@std@@V?$allocator@D@2@@2@@Z$5 00448c08 f   libcpmt:xlocale.obj
 0001:00047c10       __unwindfunclet$?_Putmfld@?$money_put@DV?$ostreambuf_iterator@DU?$char_traits@D@std@@@std@@@std@@ABE?AV?$ostreambuf_iterator@DU?$char_traits@D@std@@@2@V32@_NAAVios_base@2@D1V?$basic_string@DU?$char_traits@D@std@@V?$allocator@D@2@@2@@Z$6 00448c10 f   libcpmt:xlocale.obj
 0001:00047c18       __unwindfunclet$?_Putmfld@?$money_put@DV?$ostreambuf_iterator@DU?$char_traits@D@std@@@std@@@std@@ABE?AV?$ostreambuf_iterator@DU?$char_traits@D@std@@@2@V32@_NAAVios_base@2@D1V?$basic_string@DU?$char_traits@D@std@@V?$allocator@D@2@@2@@Z$7 00448c18 f   libcpmt:xlocale.obj
 0001:00047c20       __unwindfunclet$?_Putmfld@?$money_put@DV?$ostreambuf_iterator@DU?$char_traits@D@std@@@std@@@std@@ABE?AV?$ostreambuf_iterator@DU?$char_traits@D@std@@@2@V32@_NAAVios_base@2@D1V?$basic_string@DU?$char_traits@D@std@@V?$allocator@D@2@@2@@Z$8 00448c20 f   libcpmt:xlocale.obj
 0001:00047c28       __ehhandler$?_Putmfld@?$money_put@DV?$ostreambuf_iterator@DU?$char_traits@D@std@@@std@@@std@@ABE?AV?$ostreambuf_iterator@DU?$char_traits@D@std@@@2@V32@_NAAVios_base@2@D1V?$basic_string@DU?$char_traits@D@std@@V?$allocator@D@2@@2@@Z 00448c28 f   libcpmt:xlocale.obj
 0001:00047c50       __unwindfunclet$?do_get@?$money_get@DV?$istreambuf_iterator@DU?$char_traits@D@std@@@std@@@std@@MBE?AV?$istreambuf_iterator@DU?$char_traits@D@std@@@2@V32@0_NAAVios_base@2@AAHAAO@Z$0 00448c50 f   libcpmt:xlocale.obj
 0001:00047c58       __unwindfunclet$?do_get@?$money_get@DV?$istreambuf_iterator@DU?$char_traits@D@std@@@std@@@std@@MBE?AV?$istreambuf_iterator@DU?$char_traits@D@std@@@2@V32@0_NAAVios_base@2@AAHAAO@Z$1 00448c58 f   libcpmt:xlocale.obj
 0001:00047c60       __ehhandler$?do_get@?$money_get@DV?$istreambuf_iterator@DU?$char_traits@D@std@@@std@@@std@@MBE?AV?$istreambuf_iterator@DU?$char_traits@D@std@@@2@V32@0_NAAVios_base@2@AAHAAO@Z 00448c60 f   libcpmt:xlocale.obj
 0001:00047c85       __unwindfunclet$?do_get@?$money_get@DV?$istreambuf_iterator@DU?$char_traits@D@std@@@std@@@std@@MBE?AV?$istreambuf_iterator@DU?$char_traits@D@std@@@2@V32@0_NAAVios_base@2@AAHAAV?$basic_string@DU?$char_traits@D@std@@V?$allocator@D@2@@2@@Z$0 00448c85 f   libcpmt:xlocale.obj
 0001:00047c8d       __ehhandler$?do_get@?$money_get@DV?$istreambuf_iterator@DU?$char_traits@D@std@@@std@@@std@@MBE?AV?$istreambuf_iterator@DU?$char_traits@D@std@@@2@V32@0_NAAVios_base@2@AAHAAV?$basic_string@DU?$char_traits@D@std@@V?$allocator@D@2@@2@@Z 00448c8d f   libcpmt:xlocale.obj
 0001:00047cb2       __unwindfunclet$?do_put@?$money_put@DV?$ostreambuf_iterator@DU?$char_traits@D@std@@@std@@@std@@MBE?AV?$ostreambuf_iterator@DU?$char_traits@D@std@@@2@V32@_NAAVios_base@2@DO@Z$0 00448cb2 f   libcpmt:xlocale.obj
 0001:00047cba       __ehhandler$?do_put@?$money_put@DV?$ostreambuf_iterator@DU?$char_traits@D@std@@@std@@@std@@MBE?AV?$ostreambuf_iterator@DU?$char_traits@D@std@@@2@V32@_NAAVios_base@2@DO@Z 00448cba f   libcpmt:xlocale.obj
 0001:00047cdf       __unwindfunclet$?do_put@?$money_put@DV?$ostreambuf_iterator@DU?$char_traits@D@std@@@std@@@std@@MBE?AV?$ostreambuf_iterator@DU?$char_traits@D@std@@@2@V32@_NAAVios_base@2@DABV?$basic_string@DU?$char_traits@D@std@@V?$allocator@D@2@@2@@Z$0 00448cdf f   libcpmt:xlocale.obj
 0001:00047ce7       __ehhandler$?do_put@?$money_put@DV?$ostreambuf_iterator@DU?$char_traits@D@std@@@std@@@std@@MBE?AV?$ostreambuf_iterator@DU?$char_traits@D@std@@@2@V32@_NAAVios_base@2@DABV?$basic_string@DU?$char_traits@D@std@@V?$allocator@D@2@@2@@Z 00448ce7 f   libcpmt:xlocale.obj
 0001:00047d0c       __ehhandler$?CallUnexpected@@YAXPBU_s_ESTypeList@@@Z 00448d0c f   LIBCMT:frame.obj
 0001:00047d27       ??__Einitlocks@std@@YAXXZ  00448d27 f   libcpmt:xlock.obj
 0001:00047d3d       ??__Eclassic_locale@std@@YAXXZ 00448d3d f   libcpmt:locale0.obj
 0001:00047d49       ??__Einitlocks@std@@YAXXZ  00448d49 f   libcpmt:iosptrs.obj
 0001:00047d5f       ??__Einit_atexit@@YAXXZ    00448d5f f   libcpmt:iosptrs.obj
 0001:00047d6b       ??__Finitlocks@std@@YAXXZ  00448d6b f   libcpmt:xlock.obj
 0001:00047d75       ??__Fclassic_locale@std@@YAXXZ 00448d75 f   libcpmt:locale0.obj
 0001:00047d7f       ??__Fnomem@?P@??_Locimp_ctor@_Locimp@locale@std@@CAXPAV123@ABV123@@Z@YAXXZ 00448d7f f   libcpmt:locale.obj
 0001:00047d93       ??__Fnomem@?L@??_Locimp_Addfac@_Locimp@locale@std@@CAXPAV123@PAVfacet@23@I@Z@YAXXZ 00448d93 f   libcpmt:locale.obj
 0001:00047da7       ??__Finitlocks@std@@YAXXZ  00448da7 f   libcpmt:iosptrs.obj
 0001:00047db1       ??__Finit_atexit@@YAXXZ    00448db1 f   libcpmt:iosptrs.obj
 0001:00047dbb       ??__Fnomem@?5???2@YAPAXI@Z@YAXXZ 00448dbb f   LIBCMT:new.obj
